[32m2026-08-24 14:27:57.896[0m | [1mINFO    [0m | [36m__main__[0m:[36mrun_import[0m:[36m22[0m - [1mBegining book import.[0m
[32m2026-08-24 14:28:20.595[0m | [1mINFO    [0m | [36mfrontend.lib.FastAPIServer[0m:[36mrun[0m:[36m264[0m - [1mStarting FastAPI server.[0m
[32m2026-08-24 15:21:58.890[0m | [1mINFO    [0m | [36m__main__[0m:[36mrun_import[0m:[36m22[0m - [1mBegining book import.[0m
[32m2026-08-24 15:22:07.895[0m | [1mINFO    [0m | [36mfrontend.lib.FastAPIServer[0m:[36mrun[0m:[36m264[0m - [1mStarting FastAPI server.[0m
[32m2026-08-24 16:00:40.321[0m | [1mINFO    [0m | [36mbackend.pyShelf_ScanLibrary[0m:[36mexecute_scan[0m:[36m30[0m - [1mScan Completed in 2321 seconds[0m
[32m2026-08-24 16:00:40.321[0m | [1mINFO    [0m | [36mbackend.pyShelf_ScanLibrary[0m:[36mexecute_scan[0m:[36m30[0m - [1mScan Completed in 2321 seconds[0m
[32m2026-08-24 16:00:40.321[0m | [1mINFO    [0m | [36mbackend.pyShelf_ScanLibrary[0m:[36mexecute_scan[0m:[36m30[0m - [1mScan Completed in 2321 seconds[0m
[32m2026-08-24 16:00:40.321[0m | [1mINFO    [0m | [36mbackend.pyShelf_ScanLibrary[0m:[36mexecute_scan[0m:[36m30[0m - [1mScan Completed in 2321 seconds[0m
[32m2026-08-24 16:00:40.321[0m | [1mINFO    [0m | [36mbackend.pyShelf_ScanLibrary[0m:[36mexecute_scan[0m:[36m30[0m - [1mScan Completed in 2321 seconds[0m
[32m2026-08-24 16:00:40.321[0m | [1mINFO    [0m | [36mbackend.pyShelf_ScanLibrary[0m:[36mexecute_scan[0m:[36m30[0m - [1mScan Completed in 2321 seconds[0m
[32m2026-08-24 16:00:40.321[0m | [1mINFO    [0m | [36mbackend.pyShelf_ScanLibrary[0m:[36mexecute_scan[0m:[36m30[0m - [1mScan Completed in 2321 seconds[0m
[32m2026-08-24 16:00:40.321[0m | [1mINFO    [0m | [36mbackend.pyShelf_ScanLibrary[0m:[36mexecute_scan[0m:[36m30[0m - [1mScan Completed in 2321 seconds[0m
[32m2026-08-24 16:00:40.321[0m | [1mINFO    [0m | [36mbackend.pyShelf_ScanLibrary[0m:[36mexecute_scan[0m:[36m30[0m - [1mScan Completed in 2321 seconds[0m
[32m2026-08-24 16:00:40.321[0m | [1mINFO    [0m | [36mbackend.pyShelf_ScanLibrary[0m:[36mexecute_scan[0m:[36m30[0m - [1mScan Completed in 2321 seconds[0m
[32m2026-08-24 16:00:40.321[0m | [1mINFO    [0m | [36mbackend.pyShelf_ScanLibrary[0m:[36mexecute_scan[0m:[36m30[0m - [1mScan Completed in 2321 seconds[0m
[32m2026-08-24 16:00:40.321[0m | [1mINFO    [0m | [36mbackend.pyShelf_ScanLibrary[0m:[36mexecute_scan[0m:[36m30[0m - [1mScan Completed in 2321 seconds[0m
[32m2026-08-24 16:00:40.321[0m | [1mINFO    [0m | [36mbackend.pyShelf_ScanLibrary[0m:[36mexecute_scan[0m:[36m30[0m - [1mScan Completed in 2321 seconds[0m
[32m2026-08-24 16:00:40.321[0m | [1mINFO    [0m | [36mbackend.pyShelf_ScanLibrary[0m:[36mexecute_scan[0m:[36m30[0m - [1mScan Completed in 2321 seconds[0m
[32m2026-08-24 16:00:40.321[0m | [1mINFO    [0m | [36mbackend.pyShelf_ScanLibrary[0m:[36mexecute_scan[0m:[36m30[0m - [1mScan Completed in 2321 seconds[0m
[32m2026-08-24 16:00:40.321[0m | [1mINFO    [0m | [36mbackend.pyShelf_ScanLibrary[0m:[36mexecute_scan[0m:[36m30[0m - [1mScan Completed in 2321 seconds[0m
[32m2026-08-24 16:00:40.321[0m | [1mINFO    [0m | [36mbackend.pyShelf_ScanLibrary[0m:[36mexecute_scan[0m:[36m30[0m - [1mScan Completed in 2321 seconds[0m
[32m2026-08-24 16:00:40.321[0m | [1mINFO    [0m | [36mbackend.pyShelf_ScanLibrary[0m:[36mexecute_scan[0m:[36m30[0m - [1mScan Completed in 2321 seconds[0m
[32m2026-08-24 16:00:40.321[0m | [1mINFO    [0m | [36mbackend.pyShelf_ScanLibrary[0m:[36mexecute_scan[0m:[36m30[0m - [1mScan Completed in 2321 seconds[0m
[32m2026-08-24 16:00:40.321[0m | [1mINFO    [0m | [36mbackend.pyShelf_ScanLibrary[0m:[36mexecute_scan[0m:[36m30[0m - [1mScan Completed in 2321 seconds[0m
[32m2026-08-24 16:00:40.321[0m | [1mINFO    [0m | [36mbackend.pyShelf_ScanLibrary[0m:[36mexecute_scan[0m:[36m30[0m - [1mScan Completed in 2321 seconds[0m
[32m2026-08-24 16:00:40.321[0m | [1mINFO    [0m | [36mbackend.pyShelf_ScanLibrary[0m:[36mexecute_scan[0m:[36m30[0m - [1mScan Completed in 2321 seconds[0m
[32m2026-08-24 16:00:40.321[0m | [1mINFO    [0m | [36mbackend.pyShelf_ScanLibrary[0m:[36mexecute_scan[0m:[36m30[0m - [1mScan Completed in 2321 seconds[0m
[32m2026-08-24 16:00:40.321[0m | [1mINFO    [0m | [36mbackend.pyShelf_ScanLibrary[0m:[36mexecute_scan[0m:[36m30[0m - [1mScan Completed in 2321 seconds[0m
[32m2026-08-24 16:00:40.321[0m | [1mINFO    [0m | [36mbackend.pyShelf_ScanLibrary[0m:[36mexecute_scan[0m:[36m30[0m - [1mScan Completed in 2321 seconds[0m
[32m2026-08-24 16:00:40.321[0m | [1mINFO    [0m | [36mbackend.pyShelf_ScanLibrary[0m:[36mexecute_scan[0m:[36m30[0m - [1mScan Completed in 2321 seconds[0m
[32m2026-08-24 16:00:40.321[0m | [1mINFO    [0m | [36mbackend.pyShelf_ScanLibrary[0m:[36mexecute_scan[0m:[36m30[0m - [1mScan Completed in 2321 seconds[0m
[32m2026-08-24 16:00:40.542[0m | [1mINFO    [0m | [36m__main__[0m:[36mrun_import[0m:[36m24[0m - [1mFinished book import.[0m
[32m2026-08-24 16:00:40.321[0m | [1mINFO    [0m | [36mbackend.pyShelf_ScanLibrary[0m:[36mexecute_scan[0m:[36m30[0m - [1mScan Completed in 2321 seconds[0m
[32m2026-08-24 16:00:40.321[0m | [1mINFO    [0m | [36mbackend.pyShelf_ScanLibrary[0m:[36mexecute_scan[0m:[36m30[0m - [1mScan Completed in 2321 seconds[0m
[32m2026-08-24 16:00:40.542[0m | [1mINFO    [0m | [36m__main__[0m:[36mrun_import[0m:[36m24[0m - [1mFinished book import.[0m
[32m2026-08-24 16:00:40.542[0m | [1mINFO    [0m | [36m__main__[0m:[36mrun_import[0m:[36m24[0m - [1mFinished book import.[0m
[32m2026-08-24 16:00:40.542[0m | [1mINFO    [0m | [36m__main__[0m:[36mrun_import[0m:[36m24[0m - [1mFinished book import.[0m
[32m2026-08-24 16:00:40.542[0m | [1mINFO    [0m | [36m__main__[0m:[36mrun_import[0m:[36m24[0m - [1mFinished book import.[0m
[32m2026-08-24 16:00:40.321[0m | [1mINFO    [0m | [36mbackend.pyShelf_ScanLibrary[0m:[36mexecute_scan[0m:[36m30[0m - [1mScan Completed in 2321 seconds[0m
[32m2026-08-24 16:00:40.542[0m | [1mINFO    [0m | [36m__main__[0m:[36mrun_import[0m:[36m24[0m - [1mFinished book import.[0m
[32m2026-08-24 16:00:40.321[0m | [1mINFO    [0m | [36mbackend.pyShelf_ScanLibrary[0m:[36mexecute_scan[0m:[36m30[0m - [1mScan Completed in 2321 seconds[0m
[32m2026-08-24 16:00:40.321[0m | [1mINFO    [0m | [36mbackend.pyShelf_ScanLibrary[0m:[36mexecute_scan[0m:[36m30[0m - [1mScan Completed in 2321 seconds[0m
[32m2026-08-24 16:00:40.542[0m | [1mINFO    [0m | [36m__main__[0m:[36mrun_import[0m:[36m24[0m - [1mFinished book import.[0m
[32m2026-08-24 16:00:40.321[0m | [1mINFO    [0m | [36mbackend.pyShelf_ScanLibrary[0m:[36mexecute_scan[0m:[36m30[0m - [1mScan Completed in 2321 seconds[0m
[32m2026-08-24 16:00:40.542[0m | [1mINFO    [0m | [36m__main__[0m:[36mrun_import[0m:[36m24[0m - [1mFinished book import.[0m
[32m2026-08-24 16:00:40.542[0m | [1mINFO    [0m | [36m__main__[0m:[36mrun_import[0m:[36m24[0m - [1mFinished book import.[0m
[32m2026-08-24 16:00:40.321[0m | [1mINFO    [0m | [36mbackend.pyShelf_ScanLibrary[0m:[36mexecute_scan[0m:[36m30[0m - [1mScan Completed in 2321 seconds[0m
[32m2026-08-24 16:00:40.321[0m | [1mINFO    [0m | [36mbackend.pyShelf_ScanLibrary[0m:[36mexecute_scan[0m:[36m30[0m - [1mScan Completed in 2321 seconds[0m
[32m2026-08-24 16:00:40.542[0m | [1mINFO    [0m | [36m__main__[0m:[36mrun_import[0m:[36m24[0m - [1mFinished book import.[0m
[32m2026-08-24 16:00:40.321[0m | [1mINFO    [0m | [36mbackend.pyShelf_ScanLibrary[0m:[36mexecute_scan[0m:[36m30[0m - [1mScan Completed in 2321 seconds[0m
[32m2026-08-24 16:00:40.542[0m | [1mINFO    [0m | [36m__main__[0m:[36mrun_import[0m:[36m24[0m - [1mFinished book import.[0m
[32m2026-08-24 16:00:40.542[0m | [1mINFO    [0m | [36m__main__[0m:[36mrun_import[0m:[36m24[0m - [1mFinished book import.[0m
[32m2026-08-24 16:00:40.542[0m | [1mINFO    [0m | [36m__main__[0m:[36mrun_import[0m:[36m24[0m - [1mFinished book import.[0m
[32m2026-08-24 16:00:40.321[0m | [1mINFO    [0m | [36mbackend.pyShelf_ScanLibrary[0m:[36mexecute_scan[0m:[36m30[0m - [1mScan Completed in 2321 seconds[0m
[32m2026-08-24 16:00:40.321[0m | [1mINFO    [0m | [36mbackend.pyShelf_ScanLibrary[0m:[36mexecute_scan[0m:[36m30[0m - [1mScan Completed in 2321 seconds[0m
[32m2026-08-24 16:00:40.542[0m | [1mINFO    [0m | [36m__main__[0m:[36mrun_import[0m:[36m24[0m - [1mFinished book import.[0m
[32m2026-08-24 16:00:40.542[0m | [1mINFO    [0m | [36m__main__[0m:[36mrun_import[0m:[36m24[0m - [1mFinished book import.[0m
[32m2026-08-24 16:00:40.321[0m | [1mINFO    [0m | [36mbackend.pyShelf_ScanLibrary[0m:[36mexecute_scan[0m:[36m30[0m - [1mScan Completed in 2321 seconds[0m
[32m2026-08-24 16:00:40.321[0m | [1mINFO    [0m | [36mbackend.pyShelf_ScanLibrary[0m:[36mexecute_scan[0m:[36m30[0m - [1mScan Completed in 2321 seconds[0m
[32m2026-08-24 16:00:40.542[0m | [1mINFO    [0m | [36m__main__[0m:[36mrun_import[0m:[36m24[0m - [1mFinished book import.[0m
[32m2026-08-24 16:00:40.321[0m | [1mINFO    [0m | [36mbackend.pyShelf_ScanLibrary[0m:[36mexecute_scan[0m:[36m30[0m - [1mScan Completed in 2321 seconds[0m
[32m2026-08-24 16:00:40.321[0m | [1mINFO    [0m | [36mbackend.pyShelf_ScanLibrary[0m:[36mexecute_scan[0m:[36m30[0m - [1mScan Completed in 2321 seconds[0m
[32m2026-08-24 16:00:40.542[0m | [1mINFO    [0m | [36m__main__[0m:[36mrun_import[0m:[36m24[0m - [1mFinished book import.[0m
[32m2026-08-24 16:00:40.542[0m | [1mINFO    [0m | [36m__main__[0m:[36mrun_import[0m:[36m24[0m - [1mFinished book import.[0m
[32m2026-08-24 16:00:40.542[0m | [1mINFO    [0m | [36m__main__[0m:[36mrun_import[0m:[36m24[0m - [1mFinished book import.[0m
[32m2026-08-24 16:00:40.542[0m | [1mINFO    [0m | [36m__main__[0m:[36mrun_import[0m:[36m24[0m - [1mFinished book import.[0m
[32m2026-08-24 16:00:40.542[0m | [1mINFO    [0m | [36m__main__[0m:[36mrun_import[0m:[36m24[0m - [1mFinished book import.[0m
[32m2026-08-24 16:00:40.542[0m | [1mINFO    [0m | [36m__main__[0m:[36mrun_import[0m:[36m24[0m - [1mFinished book import.[0m
[32m2026-08-24 16:00:40.542[0m | [1mINFO    [0m | [36m__main__[0m:[36mrun_import[0m:[36m24[0m - [1mFinished book import.[0m
[32m2026-08-24 16:00:40.542[0m | [1mINFO    [0m | [36m__main__[0m:[36mrun_import[0m:[36m24[0m - [1mFinished book import.[0m
[32m2026-08-24 16:00:40.542[0m | [1mINFO    [0m | [36m__main__[0m:[36mrun_import[0m:[36m24[0m - [1mFinished book import.[0m
[32m2026-08-24 16:00:40.542[0m | [1mINFO    [0m | [36m__main__[0m:[36mrun_import[0m:[36m24[0m - [1mFinished book import.[0m
[32m2026-08-24 16:00:40.542[0m | [1mINFO    [0m | [36m__main__[0m:[36mrun_import[0m:[36m24[0m - [1mFinished book import.[0m
[32m2026-08-24 16:00:40.542[0m | [1mINFO    [0m | [36m__main__[0m:[36mrun_import[0m:[36m24[0m - [1mFinished book import.[0m
[32m2026-08-24 16:00:40.542[0m | [1mINFO    [0m | [36m__main__[0m:[36mrun_import[0m:[36m24[0m - [1mFinished book import.[0m
[32m2026-08-24 16:00:40.542[0m | [1mINFO    [0m | [36m__main__[0m:[36mrun_import[0m:[36m24[0m - [1mFinished book import.[0m
[32m2026-08-24 16:00:40.542[0m | [1mINFO    [0m | [36m__main__[0m:[36mrun_import[0m:[36m24[0m - [1mFinished book import.[0m
[32m2026-08-24 16:00:40.542[0m | [1mINFO    [0m | [36m__main__[0m:[36mrun_import[0m:[36m24[0m - [1mFinished book import.[0m
[32m2026-08-24 16:00:40.542[0m | [1mINFO    [0m | [36m__main__[0m:[36mrun_import[0m:[36m24[0m - [1mFinished book import.[0m
[32m2026-08-24 16:00:40.542[0m | [1mINFO    [0m | [36m__main__[0m:[36mrun_import[0m:[36m24[0m - [1mFinished book import.[0m
[32m2026-08-24 16:00:40.542[0m | [1mINFO    [0m | [36m__main__[0m:[36mrun_import[0m:[36m24[0m - [1mFinished book import.[0m
[32m2026-08-24 16:00:40.542[0m | [1mINFO    [0m | [36m__main__[0m:[36mrun_import[0m:[36m24[0m - [1mFinished book import.[0m
[32m2026-08-24 16:00:40.542[0m | [1mINFO    [0m | [36m__main__[0m:[36mrun_import[0m:[36m24[0m - [1mFinished book import.[0m
[32m2026-08-24 16:00:40.542[0m | [1mINFO    [0m | [36m__main__[0m:[36mrun_import[0m:[36m24[0m - [1mFinished book import.[0m
[32m2026-08-24 16:00:40.542[0m | [1mINFO    [0m | [36m__main__[0m:[36mrun_import[0m:[36m24[0m - [1mFinished book import.[0m
[32m2026-08-24 16:00:40.542[0m | [1mINFO    [0m | [36m__main__[0m:[36mrun_import[0m:[36m24[0m - [1mFinished book import.[0m
[32m2026-08-24 16:00:40.542[0m | [1mINFO    [0m | [36m__main__[0m:[36mrun_import[0m:[36m24[0m - [1mFinished book import.[0m
[32m2026-08-24 16:00:40.629[0m | [1mINFO    [0m | [36mbackend.lib.storage[0m:[36mmake_collections[0m:[36m163[0m - [1mMaking collections.[0m
[32m2026-08-24 16:00:40.542[0m | [1mINFO    [0m | [36m__main__[0m:[36mrun_import[0m:[36m24[0m - [1mFinished book import.[0m
[32m2026-08-24 16:00:40.629[0m | [1mINFO    [0m | [36mbackend.lib.storage[0m:[36mmake_collections[0m:[36m163[0m - [1mMaking collections.[0m
[32m2026-08-24 16:00:40.629[0m | [1mINFO    [0m | [36mbackend.lib.storage[0m:[36mmake_collections[0m:[36m163[0m - [1mMaking collections.[0m
[32m2026-08-24 16:00:40.629[0m | [1mINFO    [0m | [36mbackend.lib.storage[0m:[36mmake_collections[0m:[36m163[0m - [1mMaking collections.[0m
[32m2026-08-24 16:00:40.629[0m | [1mINFO    [0m | [36mbackend.lib.storage[0m:[36mmake_collections[0m:[36m163[0m - [1mMaking collections.[0m
[32m2026-08-24 16:00:40.629[0m | [1mINFO    [0m | [36mbackend.lib.storage[0m:[36mmake_collections[0m:[36m163[0m - [1mMaking collections.[0m
[32m2026-08-24 16:00:40.629[0m | [1mINFO    [0m | [36mbackend.lib.storage[0m:[36mmake_collections[0m:[36m163[0m - [1mMaking collections.[0m
[32m2026-08-24 16:00:40.629[0m | [1mINFO    [0m | [36mbackend.lib.storage[0m:[36mmake_collections[0m:[36m163[0m - [1mMaking collections.[0m
[32m2026-08-24 16:00:40.629[0m | [1mINFO    [0m | [36mbackend.lib.storage[0m:[36mmake_collections[0m:[36m163[0m - [1mMaking collections.[0m
[32m2026-08-24 16:00:40.629[0m | [1mINFO    [0m | [36mbackend.lib.storage[0m:[36mmake_collections[0m:[36m163[0m - [1mMaking collections.[0m
[32m2026-08-24 16:00:40.629[0m | [1mINFO    [0m | [36mbackend.lib.storage[0m:[36mmake_collections[0m:[36m163[0m - [1mMaking collections.[0m
[32m2026-08-24 16:00:40.629[0m | [1mINFO    [0m | [36mbackend.lib.storage[0m:[36mmake_collections[0m:[36m163[0m - [1mMaking collections.[0m
[32m2026-08-24 16:00:40.629[0m | [1mINFO    [0m | [36mbackend.lib.storage[0m:[36mmake_collections[0m:[36m163[0m - [1mMaking collections.[0m
[32m2026-08-24 16:00:40.629[0m | [1mINFO    [0m | [36mbackend.lib.storage[0m:[36mmake_collections[0m:[36m163[0m - [1mMaking collections.[0m
[32m2026-08-24 16:00:40.629[0m | [1mINFO    [0m | [36mbackend.lib.storage[0m:[36mmake_collections[0m:[36m163[0m - [1mMaking collections.[0m
[32m2026-08-24 16:00:40.629[0m | [1mINFO    [0m | [36mbackend.lib.storage[0m:[36mmake_collections[0m:[36m163[0m - [1mMaking collections.[0m
[32m2026-08-24 16:00:40.629[0m | [1mINFO    [0m | [36mbackend.lib.storage[0m:[36mmake_collections[0m:[36m163[0m - [1mMaking collections.[0m
[32m2026-08-24 16:00:40.629[0m | [1mINFO    [0m | [36mbackend.lib.storage[0m:[36mmake_collections[0m:[36m163[0m - [1mMaking collections.[0m
[32m2026-08-24 16:00:40.629[0m | [1mINFO    [0m | [36mbackend.lib.storage[0m:[36mmake_collections[0m:[36m163[0m - [1mMaking collections.[0m
[32m2026-08-24 16:00:40.629[0m | [1mINFO    [0m | [36mbackend.lib.storage[0m:[36mmake_collections[0m:[36m163[0m - [1mMaking collections.[0m
[32m2026-08-24 16:00:40.629[0m | [1mINFO    [0m | [36mbackend.lib.storage[0m:[36mmake_collections[0m:[36m163[0m - [1mMaking collections.[0m
[32m2026-08-24 16:00:40.629[0m | [1mINFO    [0m | [36mbackend.lib.storage[0m:[36mmake_collections[0m:[36m163[0m - [1mMaking collections.[0m
[32m2026-08-24 16:00:40.629[0m | [1mINFO    [0m | [36mbackend.lib.storage[0m:[36mmake_collections[0m:[36m163[0m - [1mMaking collections.[0m
[32m2026-08-24 16:00:40.629[0m | [1mINFO    [0m | [36mbackend.lib.storage[0m:[36mmake_collections[0m:[36m163[0m - [1mMaking collections.[0m
[32m2026-08-24 16:00:40.629[0m | [1mINFO    [0m | [36mbackend.lib.storage[0m:[36mmake_collections[0m:[36m163[0m - [1mMaking collections.[0m
[32m2026-08-24 16:00:40.629[0m | [1mINFO    [0m | [36mbackend.lib.storage[0m:[36mmake_collections[0m:[36m163[0m - [1mMaking collections.[0m
[32m2026-08-24 16:00:40.629[0m | [1mINFO    [0m | [36mbackend.lib.storage[0m:[36mmake_collections[0m:[36m163[0m - [1mMaking collections.[0m
[32m2026-08-24 16:00:40.629[0m | [1mINFO    [0m | [36mbackend.lib.storage[0m:[36mmake_collections[0m:[36m163[0m - [1mMaking collections.[0m
[32m2026-08-24 16:00:40.629[0m | [1mINFO    [0m | [36mbackend.lib.storage[0m:[36mmake_collections[0m:[36m163[0m - [1mMaking collections.[0m
[32m2026-08-24 16:00:40.629[0m | [1mINFO    [0m | [36mbackend.lib.storage[0m:[36mmake_collections[0m:[36m163[0m - [1mMaking collections.[0m
[32m2026-08-24 16:00:40.629[0m | [1mINFO    [0m | [36mbackend.lib.storage[0m:[36mmake_collections[0m:[36m163[0m - [1mMaking collections.[0m
[32m2026-08-24 16:00:40.629[0m | [1mINFO    [0m | [36mbackend.lib.storage[0m:[36mmake_collections[0m:[36m163[0m - [1mMaking collections.[0m
[32m2026-08-24 16:00:40.629[0m | [1mINFO    [0m | [36mbackend.lib.storage[0m:[36mmake_collections[0m:[36m163[0m - [1mMaking collections.[0m
[32m2026-08-24 16:00:40.629[0m | [1mINFO    [0m | [36mbackend.lib.storage[0m:[36mmake_collections[0m:[36m163[0m - [1mMaking collections.[0m
[32m2026-08-24 16:00:40.629[0m | [1mINFO    [0m | [36mbackend.lib.storage[0m:[36mmake_collections[0m:[36m163[0m - [1mMaking collections.[0m
[32m2026-08-24 16:00:40.629[0m | [1mINFO    [0m | [36mbackend.lib.storage[0m:[36mmake_collections[0m:[36m163[0m - [1mMaking collections.[0m
[32m2026-08-24 16:00:40.629[0m | [1mINFO    [0m | [36mbackend.lib.storage[0m:[36mmake_collections[0m:[36m163[0m - [1mMaking collections.[0m
[32m2026-08-24 16:00:40.629[0m | [1mINFO    [0m | [36mbackend.lib.storage[0m:[36mmake_collections[0m:[36m163[0m - [1mMaking collections.[0m
[32m2026-08-24 16:00:40.629[0m | [1mINFO    [0m | [36mbackend.lib.storage[0m:[36mmake_collections[0m:[36m163[0m - [1mMaking collections.[0m
[32m2026-08-24 16:00:40.629[0m | [1mINFO    [0m | [36mbackend.lib.storage[0m:[36mmake_collections[0m:[36m163[0m - [1mMaking collections.[0m
[32m2026-08-24 16:00:40.629[0m | [1mINFO    [0m | [36mbackend.lib.storage[0m:[36mmake_collections[0m:[36m163[0m - [1mMaking collections.[0m
[32m2026-08-24 16:00:40.629[0m | [1mINFO    [0m | [36mbackend.lib.storage[0m:[36mmake_collections[0m:[36m163[0m - [1mMaking collections.[0m
[32m2026-08-24 16:00:46.545[0m | [1mINFO    [0m | [36mbackend.lib.storage[0m:[36mmake_collections[0m:[36m200[0m - [1mFinished making collections.[0m
[32m2026-08-24 16:00:46.545[0m | [1mINFO    [0m | [36mbackend.lib.storage[0m:[36mmake_collections[0m:[36m200[0m - [1mFinished making collections.[0m
[32m2026-08-24 16:00:46.545[0m | [1mINFO    [0m | [36mbackend.lib.storage[0m:[36mmake_collections[0m:[36m200[0m - [1mFinished making collections.[0m
[32m2026-08-24 16:00:46.545[0m | [1mINFO    [0m | [36mbackend.lib.storage[0m:[36mmake_collections[0m:[36m200[0m - [1mFinished making collections.[0m
[32m2026-08-24 16:00:46.545[0m | [1mINFO    [0m | [36mbackend.lib.storage[0m:[36mmake_collections[0m:[36m200[0m - [1mFinished making collections.[0m
[32m2026-08-24 16:00:46.545[0m | [1mINFO    [0m | [36mbackend.lib.storage[0m:[36mmake_collections[0m:[36m200[0m - [1mFinished making collections.[0m
[32m2026-08-24 16:00:46.545[0m | [1mINFO    [0m | [36mbackend.lib.storage[0m:[36mmake_collections[0m:[36m200[0m - [1mFinished making collections.[0m
[32m2026-08-24 16:00:46.545[0m | [1mINFO    [0m | [36mbackend.lib.storage[0m:[36mmake_collections[0m:[36m200[0m - [1mFinished making collections.[0m
[32m2026-08-24 16:00:46.545[0m | [1mINFO    [0m | [36mbackend.lib.storage[0m:[36mmake_collections[0m:[36m200[0m - [1mFinished making collections.[0m
[32m2026-08-24 16:00:46.545[0m | [1mINFO    [0m | [36mbackend.lib.storage[0m:[36mmake_collections[0m:[36m200[0m - [1mFinished making collections.[0m
[32m2026-08-24 16:00:46.545[0m | [1mINFO    [0m | [36mbackend.lib.storage[0m:[36mmake_collections[0m:[36m200[0m - [1mFinished making collections.[0m
[32m2026-08-24 16:00:46.545[0m | [1mINFO    [0m | [36mbackend.lib.storage[0m:[36mmake_collections[0m:[36m200[0m - [1mFinished making collections.[0m
[32m2026-08-24 16:00:46.545[0m | [1mINFO    [0m | [36mbackend.lib.storage[0m:[36mmake_collections[0m:[36m200[0m - [1mFinished making collections.[0m
[32m2026-08-24 16:00:46.545[0m | [1mINFO    [0m | [36mbackend.lib.storage[0m:[36mmake_collections[0m:[36m200[0m - [1mFinished making collections.[0m
[32m2026-08-24 16:00:46.545[0m | [1mINFO    [0m | [36mbackend.lib.storage[0m:[36mmake_collections[0m:[36m200[0m - [1mFinished making collections.[0m
[32m2026-08-24 16:00:46.545[0m | [1mINFO    [0m | [36mbackend.lib.storage[0m:[36mmake_collections[0m:[36m200[0m - [1mFinished making collections.[0m
[32m2026-08-24 16:00:46.545[0m | [1mINFO    [0m | [36mbackend.lib.storage[0m:[36mmake_collections[0m:[36m200[0m - [1mFinished making collections.[0m
[32m2026-08-24 16:00:46.545[0m | [1mINFO    [0m | [36mbackend.lib.storage[0m:[36mmake_collections[0m:[36m200[0m - [1mFinished making collections.[0m
[32m2026-08-24 16:00:46.545[0m | [1mINFO    [0m | [36mbackend.lib.storage[0m:[36mmake_collections[0m:[36m200[0m - [1mFinished making collections.[0m
[32m2026-08-24 16:00:46.545[0m | [1mINFO    [0m | [36mbackend.lib.storage[0m:[36mmake_collections[0m:[36m200[0m - [1mFinished making collections.[0m
[32m2026-08-24 16:00:46.545[0m | [1mINFO    [0m | [36mbackend.lib.storage[0m:[36mmake_collections[0m:[36m200[0m - [1mFinished making collections.[0m
[32m2026-08-24 16:00:46.545[0m | [1mINFO    [0m | [36mbackend.lib.storage[0m:[36mmake_collections[0m:[36m200[0m - [1mFinished making collections.[0m
[32m2026-08-24 16:00:46.545[0m | [1mINFO    [0m | [36mbackend.lib.storage[0m:[36mmake_collections[0m:[36m200[0m - [1mFinished making collections.[0m
[32m2026-08-24 16:00:46.545[0m | [1mINFO    [0m | [36mbackend.lib.storage[0m:[36mmake_collections[0m:[36m200[0m - [1mFinished making collections.[0m
[32m2026-08-24 16:00:46.545[0m | [1mINFO    [0m | [36mbackend.lib.storage[0m:[36mmake_collections[0m:[36m200[0m - [1mFinished making collections.[0m
[32m2026-08-24 16:00:46.545[0m | [1mINFO    [0m | [36mbackend.lib.storage[0m:[36mmake_collections[0m:[36m200[0m - [1mFinished making collections.[0m
[32m2026-08-24 16:00:46.545[0m | [1mINFO    [0m | [36mbackend.lib.storage[0m:[36mmake_collections[0m:[36m200[0m - [1mFinished making collections.[0m
[32m2026-08-24 16:00:46.545[0m | [1mINFO    [0m | [36mbackend.lib.storage[0m:[36mmake_collections[0m:[36m200[0m - [1mFinished making collections.[0m
[32m2026-08-24 16:00:46.545[0m | [1mINFO    [0m | [36mbackend.lib.storage[0m:[36mmake_collections[0m:[36m200[0m - [1mFinished making collections.[0m
[32m2026-08-24 16:00:46.545[0m | [1mINFO    [0m | [36mbackend.lib.storage[0m:[36mmake_collections[0m:[36m200[0m - [1mFinished making collections.[0m
[32m2026-08-24 16:00:46.545[0m | [1mINFO    [0m | [36mbackend.lib.storage[0m:[36mmake_collections[0m:[36m200[0m - [1mFinished making collections.[0m
[32m2026-08-24 16:00:46.545[0m | [1mINFO    [0m | [36mbackend.lib.storage[0m:[36mmake_collections[0m:[36m200[0m - [1mFinished making collections.[0m
[32m2026-08-24 16:00:46.545[0m | [1mINFO    [0m | [36mbackend.lib.storage[0m:[36mmake_collections[0m:[36m200[0m - [1mFinished making collections.[0m
[32m2026-08-24 16:00:46.545[0m | [1mINFO    [0m | [36mbackend.lib.storage[0m:[36mmake_collections[0m:[36m200[0m - [1mFinished making collections.[0m
[32m2026-08-24 16:00:46.545[0m | [1mINFO    [0m | [36mbackend.lib.storage[0m:[36mmake_collections[0m:[36m200[0m - [1mFinished making collections.[0m
[32m2026-08-24 16:00:46.545[0m | [1mINFO    [0m | [36mbackend.lib.storage[0m:[36mmake_collections[0m:[36m200[0m - [1mFinished making collections.[0m
[32m2026-08-24 16:00:46.545[0m | [1mINFO    [0m | [36mbackend.lib.storage[0m:[36mmake_collections[0m:[36m200[0m - [1mFinished making collections.[0m
[32m2026-08-24 16:00:46.545[0m | [1mINFO    [0m | [36mbackend.lib.storage[0m:[36mmake_collections[0m:[36m200[0m - [1mFinished making collections.[0m
[32m2026-08-24 16:00:46.545[0m | [1mINFO    [0m | [36mbackend.lib.storage[0m:[36mmake_collections[0m:[36m200[0m - [1mFinished making collections.[0m
[32m2026-08-24 16:00:46.545[0m | [1mINFO    [0m | [36mbackend.lib.storage[0m:[36mmake_collections[0m:[36m200[0m - [1mFinished making collections.[0m
[32m2026-08-24 16:00:46.545[0m | [1mINFO    [0m | [36mbackend.lib.storage[0m:[36mmake_collections[0m:[36m200[0m - [1mFinished making collections.[0m
[32m2026-08-24 16:00:46.545[0m | [1mINFO    [0m | [36mbackend.lib.storage[0m:[36mmake_collections[0m:[36m200[0m - [1mFinished making collections.[0m
[32m2026-08-24 16:05:17.444[0m | [1mINFO    [0m | [36m__main__[0m:[36mrun_import[0m:[36m22[0m - [1mBegining book import.[0m
[32m2026-08-24 16:05:20.338[0m | [1mINFO    [0m | [36mbackend.pyShelf_ScanLibrary[0m:[36mexecute_scan[0m:[36m30[0m - [1mScan Completed in 3 seconds[0m
[32m2026-08-24 16:05:20.342[0m | [1mINFO    [0m | [36m__main__[0m:[36mrun_import[0m:[36m24[0m - [1mFinished book import.[0m
[32m2026-08-24 16:05:20.348[0m | [1mINFO    [0m | [36mbackend.lib.storage[0m:[36mmake_collections[0m:[36m163[0m - [1mMaking collections.[0m
[32m2026-08-24 16:05:25.244[0m | [1mINFO    [0m | [36mbackend.lib.storage[0m:[36mmake_collections[0m:[36m200[0m - [1mFinished making collections.[0m
[32m2026-08-24 16:05:34.496[0m | [1mINFO    [0m | [36mfrontend.lib.FastAPIServer[0m:[36mrun[0m:[36m264[0m - [1mStarting FastAPI server.[0m
[32m2026-08-24 16:13:03.121[0m | [1mINFO    [0m | [36m__main__[0m:[36mrun_import[0m:[36m22[0m - [1mBegining book import.[0m
[32m2026-08-24 16:13:05.941[0m | [1mINFO    [0m | [36mbackend.pyShelf_ScanLibrary[0m:[36mexecute_scan[0m:[36m30[0m - [1mScan Completed in 3 seconds[0m
[32m2026-08-24 16:13:05.985[0m | [1mINFO    [0m | [36m__main__[0m:[36mrun_import[0m:[36m24[0m - [1mFinished book import.[0m
[32m2026-08-24 16:13:05.990[0m | [1mINFO    [0m | [36mbackend.lib.storage[0m:[36mmake_collections[0m:[36m163[0m - [1mMaking collections.[0m
[32m2026-08-24 16:13:12.013[0m | [1mINFO    [0m | [36mbackend.lib.storage[0m:[36mmake_collections[0m:[36m200[0m - [1mFinished making collections.[0m
[32m2026-08-24 16:13:12.781[0m | [1mINFO    [0m | [36mfrontend.lib.FastAPIServer[0m:[36mrun[0m:[36m264[0m - [1mStarting FastAPI server.[0m
[32m2026-08-24 16:18:47.935[0m | [1mINFO    [0m | [36m__main__[0m:[36mrun_import[0m:[36m22[0m - [1mBegining book import.[0m
[32m2026-08-24 16:18:50.772[0m | [1mINFO    [0m | [36mbackend.pyShelf_ScanLibrary[0m:[36mexecute_scan[0m:[36m30[0m - [1mScan Completed in 3 seconds[0m
[32m2026-08-24 16:18:50.779[0m | [1mINFO    [0m | [36m__main__[0m:[36mrun_import[0m:[36m24[0m - [1mFinished book import.[0m
[32m2026-08-24 16:18:50.788[0m | [1mINFO    [0m | [36mbackend.lib.storage[0m:[36mmake_collections[0m:[36m163[0m - [1mMaking collections.[0m
[32m2026-08-24 16:18:56.966[0m | [1mINFO    [0m | [36mbackend.lib.storage[0m:[36mmake_collections[0m:[36m200[0m - [1mFinished making collections.[0m
[32m2026-08-24 16:18:57.546[0m | [1mINFO    [0m | [36mfrontend.lib.FastAPIServer[0m:[36mrun[0m:[36m264[0m - [1mStarting FastAPI server.[0m
[32m2026-08-24 16:56:59.836[0m | [1mINFO    [0m | [36m__main__[0m:[36mrun_import[0m:[36m22[0m - [1mBegining book import.[0m
[32m2026-08-24 16:57:02.771[0m | [1mINFO    [0m | [36mbackend.pyShelf_ScanLibrary[0m:[36mexecute_scan[0m:[36m30[0m - [1mScan Completed in 3 seconds[0m
[32m2026-08-24 16:57:02.820[0m | [1mINFO    [0m | [36m__main__[0m:[36mrun_import[0m:[36m24[0m - [1mFinished book import.[0m
[32m2026-08-24 16:57:02.825[0m | [1mINFO    [0m | [36mbackend.lib.storage[0m:[36mmake_collections[0m:[36m163[0m - [1mMaking collections.[0m
[32m2026-08-24 16:57:09.137[0m | [1mINFO    [0m | [36mbackend.lib.storage[0m:[36mmake_collections[0m:[36m200[0m - [1mFinished making collections.[0m
[32m2026-08-24 16:57:09.757[0m | [1mINFO    [0m | [36mfrontend.lib.FastAPIServer[0m:[36mrun[0m:[36m264[0m - [1mStarting FastAPI server.[0m
[32m2026-08-24 17:39:09.808[0m | [1mINFO    [0m | [36m__main__[0m:[36mrun_import[0m:[36m22[0m - [1mBegining book import.[0m
[32m2026-08-24 17:39:12.717[0m | [1mINFO    [0m | [36mbackend.pyShelf_ScanLibrary[0m:[36mexecute_scan[0m:[36m30[0m - [1mScan Completed in 3 seconds[0m
[32m2026-08-24 17:39:12.764[0m | [1mINFO    [0m | [36m__main__[0m:[36mrun_import[0m:[36m24[0m - [1mFinished book import.[0m
[32m2026-08-24 17:39:12.770[0m | [1mINFO    [0m | [36mbackend.lib.storage[0m:[36mmake_collections[0m:[36m163[0m - [1mMaking collections.[0m
[32m2026-08-24 17:39:19.019[0m | [1mINFO    [0m | [36mbackend.lib.storage[0m:[36mmake_collections[0m:[36m200[0m - [1mFinished making collections.[0m
[32m2026-08-24 17:39:19.579[0m | [1mINFO    [0m | [36mfrontend.lib.FastAPIServer[0m:[36mrun[0m:[36m272[0m - [1mStarting FastAPI server.[0m
[32m2026-08-24 17:44:33.305[0m | [1mINFO    [0m | [36m__main__[0m:[36mrun_import[0m:[36m22[0m - [1mBegining book import.[0m
[32m2026-08-24 17:44:36.142[0m | [1mINFO    [0m | [36mbackend.pyShelf_ScanLibrary[0m:[36mexecute_scan[0m:[36m30[0m - [1mScan Completed in 3 seconds[0m
[32m2026-08-24 17:44:36.209[0m | [1mINFO    [0m | [36m__main__[0m:[36mrun_import[0m:[36m24[0m - [1mFinished book import.[0m
[32m2026-08-24 17:44:36.217[0m | [1mINFO    [0m | [36mbackend.lib.storage[0m:[36mmake_collections[0m:[36m163[0m - [1mMaking collections.[0m
[32m2026-08-24 17:44:42.401[0m | [1mINFO    [0m | [36mbackend.lib.storage[0m:[36mmake_collections[0m:[36m200[0m - [1mFinished making collections.[0m
[32m2026-08-24 17:44:42.863[0m | [1mINFO    [0m | [36mfrontend.lib.FastAPIServer[0m:[36mrun[0m:[36m272[0m - [1mStarting FastAPI server.[0m
[32m2026-08-24 17:50:40.593[0m | [1mINFO    [0m | [36m__main__[0m:[36mrun_import[0m:[36m22[0m - [1mBegining book import.[0m
[32m2026-08-24 17:50:43.484[0m | [1mINFO    [0m | [36mbackend.pyShelf_ScanLibrary[0m:[36mexecute_scan[0m:[36m30[0m - [1mScan Completed in 3 seconds[0m
[32m2026-08-24 17:50:43.532[0m | [1mINFO    [0m | [36m__main__[0m:[36mrun_import[0m:[36m24[0m - [1mFinished book import.[0m
[32m2026-08-24 17:50:43.554[0m | [1mINFO    [0m | [36mbackend.lib.storage[0m:[36mmake_collections[0m:[36m163[0m - [1mMaking collections.[0m
[32m2026-08-24 17:50:50.025[0m | [1mINFO    [0m | [36mbackend.lib.storage[0m:[36mmake_collections[0m:[36m200[0m - [1mFinished making collections.[0m
[32m2026-08-24 17:50:50.456[0m | [1mINFO    [0m | [36mfrontend.lib.FastAPIServer[0m:[36mrun[0m:[36m272[0m - [1mStarting FastAPI server.[0m
[32m2026-08-24 18:40:00.973[0m | [1mINFO    [0m | [36m__main__[0m:[36mrun_import[0m:[36m22[0m - [1mBegining book import.[0m
[32m2026-08-24 18:40:03.856[0m | [1mINFO    [0m | [36mbackend.pyShelf_ScanLibrary[0m:[36mexecute_scan[0m:[36m30[0m - [1mScan Completed in 3 seconds[0m
[32m2026-08-24 18:40:03.908[0m | [1mINFO    [0m | [36m__main__[0m:[36mrun_import[0m:[36m24[0m - [1mFinished book import.[0m
[32m2026-08-24 18:40:03.914[0m | [1mINFO    [0m | [36mbackend.lib.storage[0m:[36mmake_collections[0m:[36m163[0m - [1mMaking collections.[0m
[32m2026-08-24 18:40:10.067[0m | [1mINFO    [0m | [36mbackend.lib.storage[0m:[36mmake_collections[0m:[36m200[0m - [1mFinished making collections.[0m
[32m2026-08-24 18:40:10.722[0m | [1mINFO    [0m | [36mfrontend.lib.FastAPIServer[0m:[36mrun[0m:[36m281[0m - [1mStarting FastAPI server.[0m
[32m2026-08-24 18:43:51.925[0m | [1mINFO    [0m | [36m__main__[0m:[36mrun_import[0m:[36m22[0m - [1mBegining book import.[0m
[32m2026-08-24 18:43:54.858[0m | [1mINFO    [0m | [36mbackend.pyShelf_ScanLibrary[0m:[36mexecute_scan[0m:[36m30[0m - [1mScan Completed in 3 seconds[0m
[32m2026-08-24 18:43:54.906[0m | [1mINFO    [0m | [36m__main__[0m:[36mrun_import[0m:[36m24[0m - [1mFinished book import.[0m
[32m2026-08-24 18:43:54.912[0m | [1mINFO    [0m | [36mbackend.lib.storage[0m:[36mmake_collections[0m:[36m163[0m - [1mMaking collections.[0m
[32m2026-08-24 18:44:01.326[0m | [1mINFO    [0m | [36mbackend.lib.storage[0m:[36mmake_collections[0m:[36m200[0m - [1mFinished making collections.[0m
[32m2026-08-24 18:44:01.878[0m | [1mINFO    [0m | [36mfrontend.lib.FastAPIServer[0m:[36mrun[0m:[36m281[0m - [1mStarting FastAPI server.[0m
[32m2026-08-24 19:04:30.822[0m | [1mINFO    [0m | [36m__main__[0m:[36mrun_import[0m:[36m22[0m - [1mBegining book import.[0m
[32m2026-08-24 19:04:33.687[0m | [1mINFO    [0m | [36mbackend.pyShelf_ScanLibrary[0m:[36mexecute_scan[0m:[36m30[0m - [1mScan Completed in 3 seconds[0m
[32m2026-08-24 19:04:33.754[0m | [1mINFO    [0m | [36m__main__[0m:[36mrun_import[0m:[36m24[0m - [1mFinished book import.[0m
[32m2026-08-24 19:04:33.762[0m | [1mINFO    [0m | [36mbackend.lib.storage[0m:[36mmake_collections[0m:[36m163[0m - [1mMaking collections.[0m
[32m2026-08-24 19:04:37.548[0m | [1mINFO    [0m | [36mfrontend.lib.FastAPIServer[0m:[36mrun[0m:[36m281[0m - [1mStarting FastAPI server.[0m
[32m2026-08-24 19:04:39.405[0m | [1mINFO    [0m | [36mbackend.lib.storage[0m:[36mmake_collections[0m:[36m200[0m - [1mFinished making collections.[0m
[32m2026-08-24 19:25:54.405[0m | [1mINFO    [0m | [36m__main__[0m:[36mrun_import[0m:[36m22[0m - [1mBegining book import.[0m
[32m2026-08-24 19:25:59.448[0m | [1mINFO    [0m | [36mfrontend.lib.FastAPIServer[0m:[36mrun[0m:[36m282[0m - [1mStarting FastAPI server.[0m
[32m2026-08-24 19:26:45.835[0m | [1mINFO    [0m | [36m__main__[0m:[36mrun_import[0m:[36m22[0m - [1mBegining book import.[0m
[32m2026-08-24 19:26:50.938[0m | [1mINFO    [0m | [36mfrontend.lib.FastAPIServer[0m:[36mrun[0m:[36m282[0m - [1mStarting FastAPI server.[0m
[32m2026-08-24 19:29:06.529[0m | [1mINFO    [0m | [36m__main__[0m:[36mrun_import[0m:[36m22[0m - [1mBegining book import.[0m
[32m2026-08-24 19:29:06.541[0m | [1mINFO    [0m | [36m__main__[0m:[36mrun_import[0m:[36m24[0m - [1mFinished book import.[0m
[32m2026-08-24 19:29:06.556[0m | [1mINFO    [0m | [36mbackend.lib.storage[0m:[36mmake_collections[0m:[36m163[0m - [1mMaking collections.[0m
[32m2026-08-24 19:29:13.223[0m | [1mINFO    [0m | [36mbackend.lib.storage[0m:[36mmake_collections[0m:[36m200[0m - [1mFinished making collections.[0m
[32m2026-08-24 19:29:13.865[0m | [1mINFO    [0m | [36mfrontend.lib.FastAPIServer[0m:[36mrun[0m:[36m282[0m - [1mStarting FastAPI server.[0m
[32m2026-08-24 19:34:14.250[0m | [1mINFO    [0m | [36m__main__[0m:[36mrun_import[0m:[36m22[0m - [1mBegining book import.[0m
[32m2026-08-24 19:34:21.391[0m | [1mINFO    [0m | [36mfrontend.lib.FastAPIServer[0m:[36mrun[0m:[36m282[0m - [1mStarting FastAPI server.[0m
[32m2026-08-24 19:37:09.433[0m | [1mINFO    [0m | [36m__main__[0m:[36mrun_import[0m:[36m22[0m - [1mBegining book import.[0m
[32m2026-08-24 19:37:16.489[0m | [1mINFO    [0m | [36mfrontend.lib.FastAPIServer[0m:[36mrun[0m:[36m282[0m - [1mStarting FastAPI server.[0m
[32m2026-08-24 19:47:05.010[0m | [1mINFO    [0m | [36m__main__[0m:[36mrun_import[0m:[36m22[0m - [1mBegining book import.[0m
[32m2026-08-24 20:09:28.673[0m | [1mINFO    [0m | [36m__main__[0m:[36mrun_import[0m:[36m24[0m - [1mFinished book import.[0m
[32m2026-08-24 20:09:28.681[0m | [1mINFO    [0m | [36mbackend.lib.storage[0m:[36mmake_collections[0m:[36m163[0m - [1mMaking collections.[0m
[32m2026-08-24 20:09:33.273[0m | [1mINFO    [0m | [36mbackend.lib.storage[0m:[36mmake_collections[0m:[36m200[0m - [1mFinished making collections.[0m
[32m2026-08-24 20:09:41.999[0m | [1mINFO    [0m | [36mfrontend.lib.FastAPIServer[0m:[36mrun[0m:[36m282[0m - [1mStarting FastAPI server.[0m
[32m2026-08-24 20:17:09.525[0m | [1mINFO    [0m | [36m__main__[0m:[36mrun_import[0m:[36m22[0m - [1mBegining book import.[0m
[32m2026-08-24 20:17:10.796[0m | [1mINFO    [0m | [36m__main__[0m:[36mrun_import[0m:[36m24[0m - [1mFinished book import.[0m
[32m2026-08-24 20:17:10.800[0m | [1mINFO    [0m | [36mbackend.lib.storage[0m:[36mmake_collections[0m:[36m163[0m - [1mMaking collections.[0m
[32m2026-08-24 20:17:15.031[0m | [1mINFO    [0m | [36mbackend.lib.storage[0m:[36mmake_collections[0m:[36m200[0m - [1mFinished making collections.[0m
[32m2026-08-24 20:17:19.977[0m | [1mINFO    [0m | [36mfrontend.lib.FastAPIServer[0m:[36mrun[0m:[36m282[0m - [1mStarting FastAPI server.[0m
[32m2026-08-24 20:49:23.001[0m | [1mINFO    [0m | [36m__main__[0m:[36mrun_import[0m:[36m22[0m - [1mBegining book import.[0m
[32m2026-08-24 20:49:24.277[0m | [1mINFO    [0m | [36m__main__[0m:[36mrun_import[0m:[36m24[0m - [1mFinished book import.[0m
[32m2026-08-24 20:49:24.282[0m | [1mINFO    [0m | [36mbackend.lib.storage[0m:[36mmake_collections[0m:[36m163[0m - [1mMaking collections.[0m
[32m2026-08-24 20:49:28.541[0m | [1mINFO    [0m | [36mbackend.lib.storage[0m:[36mmake_collections[0m:[36m200[0m - [1mFinished making collections.[0m
[32m2026-08-24 20:49:33.678[0m | [1mINFO    [0m | [36mfrontend.lib.FastAPIServer[0m:[36mrun[0m:[36m282[0m - [1mStarting FastAPI server.[0m
[32m2026-08-24 21:14:23.567[0m | [1mINFO    [0m | [36m__main__[0m:[36mrun_import[0m:[36m22[0m - [1mBegining book import.[0m
[32m2026-08-24 21:14:24.833[0m | [1mINFO    [0m | [36m__main__[0m:[36mrun_import[0m:[36m24[0m - [1mFinished book import.[0m
[32m2026-08-24 21:14:24.838[0m | [1mINFO    [0m | [36mbackend.lib.storage[0m:[36mmake_collections[0m:[36m163[0m - [1mMaking collections.[0m
[32m2026-08-24 21:14:29.110[0m | [1mINFO    [0m | [36mbackend.lib.storage[0m:[36mmake_collections[0m:[36m200[0m - [1mFinished making collections.[0m
[32m2026-08-24 21:14:34.185[0m | [1mINFO    [0m | [36mfrontend.lib.FastAPIServer[0m:[36mrun[0m:[36m282[0m - [1mStarting FastAPI server.[0m
[32m2026-08-24 21:22:08.261[0m | [1mINFO    [0m | [36m__main__[0m:[36mrun_import[0m:[36m22[0m - [1mBegining book import.[0m
[32m2026-08-24 21:22:13.947[0m | [1mINFO    [0m | [36m__main__[0m:[36mrun_import[0m:[36m24[0m - [1mFinished book import.[0m
[32m2026-08-24 21:22:13.954[0m | [1mINFO    [0m | [36mbackend.lib.storage[0m:[36mmake_collections[0m:[36m163[0m - [1mMaking collections.[0m
[32m2026-08-24 21:22:18.156[0m | [1mINFO    [0m | [36mbackend.lib.storage[0m:[36mmake_collections[0m:[36m200[0m - [1mFinished making collections.[0m
[32m2026-08-24 21:22:23.127[0m | [1mINFO    [0m | [36mfrontend.lib.FastAPIServer[0m:[36mrun[0m:[36m282[0m - [1mStarting FastAPI server.[0m
[32m2026-08-24 22:09:08.059[0m | [1mINFO    [0m | [36m__main__[0m:[36mrun_import[0m:[36m22[0m - [1mBegining book import.[0m
[32m2026-08-24 22:09:09.335[0m | [1mINFO    [0m | [36m__main__[0m:[36mrun_import[0m:[36m24[0m - [1mFinished book import.[0m
[32m2026-08-24 22:09:09.340[0m | [1mINFO    [0m | [36mbackend.lib.storage[0m:[36mmake_collections[0m:[36m163[0m - [1mMaking collections.[0m
[32m2026-08-24 22:09:13.581[0m | [1mINFO    [0m | [36mbackend.lib.storage[0m:[36mmake_collections[0m:[36m200[0m - [1mFinished making collections.[0m
[32m2026-08-24 22:09:18.551[0m | [1mINFO    [0m | [36mfrontend.lib.FastAPIServer[0m:[36mrun[0m:[36m282[0m - [1mStarting FastAPI server.[0m
[32m2026-08-25 05:08:38.005[0m | [1mINFO    [0m | [36m__main__[0m:[36mrun_import[0m:[36m22[0m - [1mBegining book import.[0m
[32m2026-08-25 05:13:02.018[0m | [1mINFO    [0m | [36m__main__[0m:[36mrun_import[0m:[36m24[0m - [1mFinished book import.[0m
[32m2026-08-25 05:13:02.025[0m | [1mINFO    [0m | [36mbackend.lib.storage[0m:[36mmake_collections[0m:[36m163[0m - [1mMaking collections.[0m
[32m2026-08-25 05:13:06.227[0m | [1mINFO    [0m | [36mbackend.lib.storage[0m:[36mmake_collections[0m:[36m200[0m - [1mFinished making collections.[0m
[32m2026-08-25 05:13:22.973[0m | [1mINFO    [0m | [36mfrontend.lib.FastAPIServer[0m:[36mrun[0m:[36m282[0m - [1mStarting FastAPI server.[0m
[32m2026-08-25 05:15:58.793[0m | [1mINFO    [0m | [36m__main__[0m:[36mrun_import[0m:[36m22[0m - [1mBegining book import.[0m
[32m2026-08-25 05:15:59.911[0m | [1mINFO    [0m | [36m__main__[0m:[36mrun_import[0m:[36m24[0m - [1mFinished book import.[0m
[32m2026-08-25 05:15:59.916[0m | [1mINFO    [0m | [36mbackend.lib.storage[0m:[36mmake_collections[0m:[36m163[0m - [1mMaking collections.[0m
[32m2026-08-25 05:16:04.065[0m | [1mINFO    [0m | [36mbackend.lib.storage[0m:[36mmake_collections[0m:[36m200[0m - [1mFinished making collections.[0m
[32m2026-08-25 05:16:09.263[0m | [1mINFO    [0m | [36mfrontend.lib.FastAPIServer[0m:[36mrun[0m:[36m282[0m - [1mStarting FastAPI server.[0m
[32m2026-08-25 05:31:03.933[0m | [1mINFO    [0m | [36m__main__[0m:[36mrun_import[0m:[36m22[0m - [1mBegining book import.[0m
[32m2026-08-25 05:31:05.089[0m | [1mINFO    [0m | [36m__main__[0m:[36mrun_import[0m:[36m24[0m - [1mFinished book import.[0m
[32m2026-08-25 05:31:05.093[0m | [1mINFO    [0m | [36mbackend.lib.storage[0m:[36mmake_collections[0m:[36m163[0m - [1mMaking collections.[0m
[32m2026-08-25 05:31:09.225[0m | [1mINFO    [0m | [36mbackend.lib.storage[0m:[36mmake_collections[0m:[36m200[0m - [1mFinished making collections.[0m
[32m2026-08-25 05:31:14.077[0m | [1mINFO    [0m | [36mfrontend.lib.FastAPIServer[0m:[36mrun[0m:[36m282[0m - [1mStarting FastAPI server.[0m
[32m2026-08-25 05:34:05.427[0m | [1mINFO    [0m | [36m__main__[0m:[36mrun_import[0m:[36m22[0m - [1mBegining book import.[0m
[32m2026-08-25 05:34:06.492[0m | [1mINFO    [0m | [36m__main__[0m:[36mrun_import[0m:[36m24[0m - [1mFinished book import.[0m
[32m2026-08-25 05:34:06.497[0m | [1mINFO    [0m | [36mbackend.lib.storage[0m:[36mmake_collections[0m:[36m163[0m - [1mMaking collections.[0m
[32m2026-08-25 05:34:10.603[0m | [1mINFO    [0m | [36mbackend.lib.storage[0m:[36mmake_collections[0m:[36m200[0m - [1mFinished making collections.[0m
[32m2026-08-25 05:34:15.444[0m | [1mINFO    [0m | [36mfrontend.lib.FastAPIServer[0m:[36mrun[0m:[36m282[0m - [1mStarting FastAPI server.[0m
[32m2026-08-25 05:43:12.746[0m | [1mINFO    [0m | [36m__main__[0m:[36mrun_import[0m:[36m22[0m - [1mBegining book import.[0m
[32m2026-08-25 05:43:13.859[0m | [1mINFO    [0m | [36m__main__[0m:[36mrun_import[0m:[36m24[0m - [1mFinished book import.[0m
[32m2026-08-25 05:43:13.864[0m | [1mINFO    [0m | [36mbackend.lib.storage[0m:[36mmake_collections[0m:[36m163[0m - [1mMaking collections.[0m
[32m2026-08-25 05:43:18.023[0m | [1mINFO    [0m | [36mbackend.lib.storage[0m:[36mmake_collections[0m:[36m200[0m - [1mFinished making collections.[0m
[32m2026-08-25 05:43:22.876[0m | [1mINFO    [0m | [36mfrontend.lib.FastAPIServer[0m:[36mrun[0m:[36m282[0m - [1mStarting FastAPI server.[0m
[32m2026-08-25 05:46:28.916[0m | [1mINFO    [0m | [36m__main__[0m:[36mrun_import[0m:[36m22[0m - [1mBegining book import.[0m
[32m2026-08-25 05:46:30.031[0m | [1mINFO    [0m | [36m__main__[0m:[36mrun_import[0m:[36m24[0m - [1mFinished book import.[0m
[32m2026-08-25 05:46:30.036[0m | [1mINFO    [0m | [36mbackend.lib.storage[0m:[36mmake_collections[0m:[36m163[0m - [1mMaking collections.[0m
[32m2026-08-25 05:46:34.241[0m | [1mINFO    [0m | [36mbackend.lib.storage[0m:[36mmake_collections[0m:[36m200[0m - [1mFinished making collections.[0m
[32m2026-08-25 05:46:39.064[0m | [1mINFO    [0m | [36mfrontend.lib.FastAPIServer[0m:[36mrun[0m:[36m282[0m - [1mStarting FastAPI server.[0m
[32m2026-08-25 05:48:14.903[0m | [1mINFO    [0m | [36m__main__[0m:[36mrun_import[0m:[36m22[0m - [1mBegining book import.[0m
[32m2026-08-25 05:48:16.002[0m | [1mINFO    [0m | [36m__main__[0m:[36mrun_import[0m:[36m24[0m - [1mFinished book import.[0m
[32m2026-08-25 05:48:16.007[0m | [1mINFO    [0m | [36mbackend.lib.storage[0m:[36mmake_collections[0m:[36m163[0m - [1mMaking collections.[0m
[32m2026-08-25 05:48:20.113[0m | [1mINFO    [0m | [36mbackend.lib.storage[0m:[36mmake_collections[0m:[36m200[0m - [1mFinished making collections.[0m
[32m2026-08-25 05:48:24.987[0m | [1mINFO    [0m | [36mfrontend.lib.FastAPIServer[0m:[36mrun[0m:[36m282[0m - [1mStarting FastAPI server.[0m
[32m2026-08-25 05:50:10.668[0m | [1mINFO    [0m | [36m__main__[0m:[36mrun_import[0m:[36m22[0m - [1mBegining book import.[0m
[32m2026-08-25 05:50:11.778[0m | [1mINFO    [0m | [36m__main__[0m:[36mrun_import[0m:[36m24[0m - [1mFinished book import.[0m
[32m2026-08-25 05:50:11.782[0m | [1mINFO    [0m | [36mbackend.lib.storage[0m:[36mmake_collections[0m:[36m163[0m - [1mMaking collections.[0m
[32m2026-08-25 05:50:16.011[0m | [1mINFO    [0m | [36mbackend.lib.storage[0m:[36mmake_collections[0m:[36m200[0m - [1mFinished making collections.[0m
[32m2026-08-25 05:53:11.596[0m | [1mINFO    [0m | [36m__main__[0m:[36mrun_import[0m:[36m22[0m - [1mBegining book import.[0m
[32m2026-08-25 05:53:12.707[0m | [1mINFO    [0m | [36m__main__[0m:[36mrun_import[0m:[36m24[0m - [1mFinished book import.[0m
[32m2026-08-25 05:53:12.712[0m | [1mINFO    [0m | [36mbackend.lib.storage[0m:[36mmake_collections[0m:[36m163[0m - [1mMaking collections.[0m
[32m2026-08-25 05:53:16.877[0m | [1mINFO    [0m | [36mbackend.lib.storage[0m:[36mmake_collections[0m:[36m200[0m - [1mFinished making collections.[0m
[32m2026-08-25 05:54:44.240[0m | [1mINFO    [0m | [36m__main__[0m:[36mrun_import[0m:[36m22[0m - [1mBegining book import.[0m
[32m2026-08-25 05:54:45.347[0m | [1mINFO    [0m | [36m__main__[0m:[36mrun_import[0m:[36m24[0m - [1mFinished book import.[0m
[32m2026-08-25 05:54:45.352[0m | [1mINFO    [0m | [36mbackend.lib.storage[0m:[36mmake_collections[0m:[36m163[0m - [1mMaking collections.[0m
[32m2026-08-25 05:54:49.542[0m | [1mINFO    [0m | [36mbackend.lib.storage[0m:[36mmake_collections[0m:[36m200[0m - [1mFinished making collections.[0m
[32m2026-08-25 05:54:54.416[0m | [1mINFO    [0m | [36mfrontend.lib.FastAPIServer[0m:[36mrun[0m:[36m279[0m - [1mStarting FastAPI server.[0m
[32m2026-08-25 06:07:02.165[0m | [1mINFO    [0m | [36m__main__[0m:[36mrun_import[0m:[36m22[0m - [1mBegining book import.[0m
[32m2026-08-25 06:07:03.227[0m | [1mINFO    [0m | [36m__main__[0m:[36mrun_import[0m:[36m24[0m - [1mFinished book import.[0m
[32m2026-08-25 06:07:03.231[0m | [1mINFO    [0m | [36mbackend.lib.storage[0m:[36mmake_collections[0m:[36m163[0m - [1mMaking collections.[0m
[32m2026-08-25 06:07:07.390[0m | [1mINFO    [0m | [36mbackend.lib.storage[0m:[36mmake_collections[0m:[36m200[0m - [1mFinished making collections.[0m
[32m2026-08-25 06:07:12.399[0m | [1mINFO    [0m | [36mfrontend.lib.FastAPIServer[0m:[36mrun[0m:[36m279[0m - [1mStarting FastAPI server.[0m
[32m2026-08-25 06:08:30.806[0m | [1mINFO    [0m | [36m__main__[0m:[36mrun_import[0m:[36m22[0m - [1mBegining book import.[0m
[32m2026-08-25 06:08:31.916[0m | [1mINFO    [0m | [36m__main__[0m:[36mrun_import[0m:[36m24[0m - [1mFinished book import.[0m
[32m2026-08-25 06:08:31.921[0m | [1mINFO    [0m | [36mbackend.lib.storage[0m:[36mmake_collections[0m:[36m163[0m - [1mMaking collections.[0m
[32m2026-08-25 06:08:36.090[0m | [1mINFO    [0m | [36mbackend.lib.storage[0m:[36mmake_collections[0m:[36m200[0m - [1mFinished making collections.[0m
[32m2026-08-25 06:08:40.883[0m | [1mINFO    [0m | [36mfrontend.lib.FastAPIServer[0m:[36mrun[0m:[36m279[0m - [1mStarting FastAPI server.[0m
[32m2026-08-25 06:13:11.198[0m | [1mINFO    [0m | [36m__main__[0m:[36mrun_import[0m:[36m22[0m - [1mBegining book import.[0m
[32m2026-08-25 06:13:12.304[0m | [1mINFO    [0m | [36m__main__[0m:[36mrun_import[0m:[36m24[0m - [1mFinished book import.[0m
[32m2026-08-25 06:13:12.309[0m | [1mINFO    [0m | [36mbackend.lib.storage[0m:[36mmake_collections[0m:[36m163[0m - [1mMaking collections.[0m
[32m2026-08-25 06:13:16.513[0m | [1mINFO    [0m | [36mbackend.lib.storage[0m:[36mmake_collections[0m:[36m200[0m - [1mFinished making collections.[0m
[32m2026-08-25 06:13:21.344[0m | [1mINFO    [0m | [36mfrontend.lib.FastAPIServer[0m:[36mrun[0m:[36m279[0m - [1mStarting FastAPI server.[0m
[32m2026-08-25 06:19:13.400[0m | [1mINFO    [0m | [36m__main__[0m:[36mrun_import[0m:[36m22[0m - [1mBegining book import.[0m
[32m2026-08-25 06:19:14.504[0m | [1mINFO    [0m | [36m__main__[0m:[36mrun_import[0m:[36m24[0m - [1mFinished book import.[0m
[32m2026-08-25 06:19:14.508[0m | [1mINFO    [0m | [36mbackend.lib.storage[0m:[36mmake_collections[0m:[36m163[0m - [1mMaking collections.[0m
[32m2026-08-25 06:19:18.683[0m | [1mINFO    [0m | [36mbackend.lib.storage[0m:[36mmake_collections[0m:[36m200[0m - [1mFinished making collections.[0m
[32m2026-08-25 06:19:23.552[0m | [1mINFO    [0m | [36mfrontend.lib.FastAPIServer[0m:[36mrun[0m:[36m279[0m - [1mStarting FastAPI server.[0m
[32m2026-08-25 06:29:44.474[0m | [1mINFO    [0m | [36m__main__[0m:[36mrun_import[0m:[36m22[0m - [1mBegining book import.[0m
[32m2026-08-25 06:29:45.585[0m | [1mINFO    [0m | [36m__main__[0m:[36mrun_import[0m:[36m24[0m - [1mFinished book import.[0m
[32m2026-08-25 06:29:45.589[0m | [1mINFO    [0m | [36mbackend.lib.storage[0m:[36mmake_collections[0m:[36m163[0m - [1mMaking collections.[0m
[32m2026-08-25 06:29:49.701[0m | [1mINFO    [0m | [36mbackend.lib.storage[0m:[36mmake_collections[0m:[36m200[0m - [1mFinished making collections.[0m
[32m2026-08-25 06:29:54.602[0m | [1mINFO    [0m | [36mfrontend.lib.FastAPIServer[0m:[36mrun[0m:[36m279[0m - [1mStarting FastAPI server.[0m
[32m2026-08-25 06:44:27.789[0m | [1mINFO    [0m | [36m__main__[0m:[36mrun_import[0m:[36m22[0m - [1mBegining book import.[0m
[32m2026-08-25 06:44:28.898[0m | [1mINFO    [0m | [36m__main__[0m:[36mrun_import[0m:[36m24[0m - [1mFinished book import.[0m
[32m2026-08-25 06:44:28.902[0m | [1mINFO    [0m | [36mbackend.lib.storage[0m:[36mmake_collections[0m:[36m163[0m - [1mMaking collections.[0m
[32m2026-08-25 06:44:33.019[0m | [1mINFO    [0m | [36mbackend.lib.storage[0m:[36mmake_collections[0m:[36m200[0m - [1mFinished making collections.[0m
[32m2026-08-25 06:44:37.844[0m | [1mINFO    [0m | [36mfrontend.lib.FastAPIServer[0m:[36mrun[0m:[36m283[0m - [1mStarting FastAPI server.[0m
[32m2026-08-25 06:48:10.038[0m | [1mINFO    [0m | [36m__main__[0m:[36mrun_import[0m:[36m22[0m - [1mBegining book import.[0m
[32m2026-08-25 06:48:11.149[0m | [1mINFO    [0m | [36m__main__[0m:[36mrun_import[0m:[36m24[0m - [1mFinished book import.[0m
[32m2026-08-25 06:48:11.154[0m | [1mINFO    [0m | [36mbackend.lib.storage[0m:[36mmake_collections[0m:[36m163[0m - [1mMaking collections.[0m
[32m2026-08-25 06:48:15.300[0m | [1mINFO    [0m | [36mbackend.lib.storage[0m:[36mmake_collections[0m:[36m200[0m - [1mFinished making collections.[0m
[32m2026-08-25 06:48:20.209[0m | [1mINFO    [0m | [36mfrontend.lib.FastAPIServer[0m:[36mrun[0m:[36m283[0m - [1mStarting FastAPI server.[0m
[32m2026-08-25 06:49:55.998[0m | [1mINFO    [0m | [36m__main__[0m:[36mrun_import[0m:[36m22[0m - [1mBegining book import.[0m
[32m2026-08-25 06:49:57.113[0m | [1mINFO    [0m | [36m__main__[0m:[36mrun_import[0m:[36m24[0m - [1mFinished book import.[0m
[32m2026-08-25 06:49:57.118[0m | [1mINFO    [0m | [36mbackend.lib.storage[0m:[36mmake_collections[0m:[36m163[0m - [1mMaking collections.[0m
[32m2026-08-25 06:50:01.436[0m | [1mINFO    [0m | [36mbackend.lib.storage[0m:[36mmake_collections[0m:[36m200[0m - [1mFinished making collections.[0m
[32m2026-08-25 06:50:06.290[0m | [1mINFO    [0m | [36mfrontend.lib.FastAPIServer[0m:[36mrun[0m:[36m283[0m - [1mStarting FastAPI server.[0m
[32m2026-08-25 06:55:04.277[0m | [1mINFO    [0m | [36m__main__[0m:[36mrun_import[0m:[36m22[0m - [1mBegining book import.[0m
[32m2026-08-25 06:55:05.389[0m | [1mINFO    [0m | [36m__main__[0m:[36mrun_import[0m:[36m24[0m - [1mFinished book import.[0m
[32m2026-08-25 06:55:05.394[0m | [1mINFO    [0m | [36mbackend.lib.storage[0m:[36mmake_collections[0m:[36m163[0m - [1mMaking collections.[0m
[32m2026-08-25 06:55:09.515[0m | [1mINFO    [0m | [36mbackend.lib.storage[0m:[36mmake_collections[0m:[36m200[0m - [1mFinished making collections.[0m
[32m2026-08-25 06:55:14.374[0m | [1mINFO    [0m | [36mfrontend.lib.FastAPIServer[0m:[36mrun[0m:[36m283[0m - [1mStarting FastAPI server.[0m
[32m2026-08-25 07:11:38.655[0m | [1mINFO    [0m | [36m__main__[0m:[36mrun_import[0m:[36m22[0m - [1mBegining book import.[0m
[32m2026-08-25 07:11:39.884[0m | [1mINFO    [0m | [36m__main__[0m:[36mrun_import[0m:[36m24[0m - [1mFinished book import.[0m
[32m2026-08-25 07:11:39.889[0m | [1mINFO    [0m | [36mbackend.lib.storage[0m:[36mmake_collections[0m:[36m163[0m - [1mMaking collections.[0m
[32m2026-08-25 07:11:44.167[0m | [1mINFO    [0m | [36mbackend.lib.storage[0m:[36mmake_collections[0m:[36m200[0m - [1mFinished making collections.[0m
[32m2026-08-25 07:11:49.585[0m | [1mINFO    [0m | [36mfrontend.lib.FastAPIServer[0m:[36mrun[0m:[36m283[0m - [1mStarting FastAPI server.[0m
[32m2026-08-25 07:17:15.844[0m | [1mINFO    [0m | [36m__main__[0m:[36mrun_import[0m:[36m22[0m - [1mBegining book import.[0m
[32m2026-08-25 07:17:17.080[0m | [1mINFO    [0m | [36m__main__[0m:[36mrun_import[0m:[36m24[0m - [1mFinished book import.[0m
[32m2026-08-25 07:17:17.084[0m | [1mINFO    [0m | [36mbackend.lib.storage[0m:[36mmake_collections[0m:[36m163[0m - [1mMaking collections.[0m
[32m2026-08-25 07:17:21.367[0m | [1mINFO    [0m | [36mbackend.lib.storage[0m:[36mmake_collections[0m:[36m200[0m - [1mFinished making collections.[0m
[32m2026-08-25 07:17:26.416[0m | [1mINFO    [0m | [36mfrontend.lib.FastAPIServer[0m:[36mrun[0m:[36m283[0m - [1mStarting FastAPI server.[0m
[32m2026-08-25 07:25:11.435[0m | [1mINFO    [0m | [36m__main__[0m:[36mrun_import[0m:[36m22[0m - [1mBegining book import.[0m
[32m2026-08-25 07:25:11.603[0m | [1mINFO    [0m | [36m__main__[0m:[36mrun_import[0m:[36m24[0m - [1mFinished book import.[0m
[32m2026-08-25 07:25:11.608[0m | [1mINFO    [0m | [36mbackend.lib.storage[0m:[36mmake_collections[0m:[36m163[0m - [1mMaking collections.[0m
[32m2026-08-25 07:25:11.625[0m | [1mINFO    [0m | [36mbackend.lib.storage[0m:[36mmake_collections[0m:[36m200[0m - [1mFinished making collections.[0m
[32m2026-08-25 07:25:16.453[0m | [1mINFO    [0m | [36mfrontend.lib.FastAPIServer[0m:[36mrun[0m:[36m283[0m - [1mStarting FastAPI server.[0m
[32m2026-08-25 07:26:27.161[0m | [1mINFO    [0m | [36m__main__[0m:[36mrun_import[0m:[36m22[0m - [1mBegining book import.[0m
[32m2026-08-25 07:26:27.283[0m | [1mINFO    [0m | [36m__main__[0m:[36mrun_import[0m:[36m24[0m - [1mFinished book import.[0m
[32m2026-08-25 07:26:27.288[0m | [1mINFO    [0m | [36mbackend.lib.storage[0m:[36mmake_collections[0m:[36m163[0m - [1mMaking collections.[0m
[32m2026-08-25 07:26:27.306[0m | [1mINFO    [0m | [36mbackend.lib.storage[0m:[36mmake_collections[0m:[36m200[0m - [1mFinished making collections.[0m
[32m2026-08-25 07:26:32.077[0m | [1mINFO    [0m | [36mfrontend.lib.FastAPIServer[0m:[36mrun[0m:[36m283[0m - [1mStarting FastAPI server.[0m
[32m2026-08-25 07:35:19.556[0m | [1mINFO    [0m | [36m__main__[0m:[36mrun_import[0m:[36m22[0m - [1mBegining book import.[0m
[32m2026-08-25 07:35:19.722[0m | [1mINFO    [0m | [36m__main__[0m:[36mrun_import[0m:[36m24[0m - [1mFinished book import.[0m
[32m2026-08-25 07:35:19.727[0m | [1mINFO    [0m | [36mbackend.lib.storage[0m:[36mmake_collections[0m:[36m163[0m - [1mMaking collections.[0m
[32m2026-08-25 07:35:19.745[0m | [1mINFO    [0m | [36mbackend.lib.storage[0m:[36mmake_collections[0m:[36m200[0m - [1mFinished making collections.[0m
[32m2026-08-25 07:35:43.759[0m | [1mINFO    [0m | [36m__main__[0m:[36mrun_import[0m:[36m22[0m - [1mBegining book import.[0m
[32m2026-08-25 07:35:43.881[0m | [1mINFO    [0m | [36m__main__[0m:[36mrun_import[0m:[36m24[0m - [1mFinished book import.[0m
[32m2026-08-25 07:35:43.886[0m | [1mINFO    [0m | [36mbackend.lib.storage[0m:[36mmake_collections[0m:[36m163[0m - [1mMaking collections.[0m
[32m2026-08-25 07:35:43.904[0m | [1mINFO    [0m | [36mbackend.lib.storage[0m:[36mmake_collections[0m:[36m200[0m - [1mFinished making collections.[0m
[32m2026-08-25 07:35:48.927[0m | [1mINFO    [0m | [36mfrontend.lib.FastAPIServer[0m:[36mrun[0m:[36m283[0m - [1mStarting FastAPI server.[0m
[32m2026-08-25 07:39:55.101[0m | [1mINFO    [0m | [36m__main__[0m:[36mrun_import[0m:[36m22[0m - [1mBegining book import.[0m
[32m2026-08-25 07:39:55.268[0m | [1mINFO    [0m | [36m__main__[0m:[36mrun_import[0m:[36m24[0m - [1mFinished book import.[0m
[32m2026-08-25 07:39:55.273[0m | [1mINFO    [0m | [36mbackend.lib.storage[0m:[36mmake_collections[0m:[36m163[0m - [1mMaking collections.[0m
[32m2026-08-25 07:39:55.289[0m | [1mINFO    [0m | [36mbackend.lib.storage[0m:[36mmake_collections[0m:[36m200[0m - [1mFinished making collections.[0m
[32m2026-08-25 07:40:00.157[0m | [1mINFO    [0m | [36mfrontend.lib.FastAPIServer[0m:[36mrun[0m:[36m283[0m - [1mStarting FastAPI server.[0m
[32m2026-08-25 07:41:31.178[0m | [1mINFO    [0m | [36m__main__[0m:[36mrun_import[0m:[36m22[0m - [1mBegining book import.[0m
[32m2026-08-25 07:41:31.304[0m | [1mINFO    [0m | [36m__main__[0m:[36mrun_import[0m:[36m24[0m - [1mFinished book import.[0m
[32m2026-08-25 07:41:31.309[0m | [1mINFO    [0m | [36mbackend.lib.storage[0m:[36mmake_collections[0m:[36m163[0m - [1mMaking collections.[0m
[32m2026-08-25 07:41:31.326[0m | [1mINFO    [0m | [36mbackend.lib.storage[0m:[36mmake_collections[0m:[36m200[0m - [1mFinished making collections.[0m
[32m2026-08-25 07:41:36.184[0m | [1mINFO    [0m | [36mfrontend.lib.FastAPIServer[0m:[36mrun[0m:[36m283[0m - [1mStarting FastAPI server.[0m
[32m2026-08-25 07:44:41.472[0m | [1mINFO    [0m | [36m__main__[0m:[36mrun_import[0m:[36m22[0m - [1mBegining book import.[0m
[32m2026-08-25 07:44:41.640[0m | [1mINFO    [0m | [36m__main__[0m:[36mrun_import[0m:[36m24[0m - [1mFinished book import.[0m
[32m2026-08-25 07:44:41.645[0m | [1mINFO    [0m | [36mbackend.lib.storage[0m:[36mmake_collections[0m:[36m163[0m - [1mMaking collections.[0m
[32m2026-08-25 07:44:41.662[0m | [1mINFO    [0m | [36mbackend.lib.storage[0m:[36mmake_collections[0m:[36m200[0m - [1mFinished making collections.[0m
[32m2026-08-25 07:44:46.834[0m | [1mINFO    [0m | [36mfrontend.lib.FastAPIServer[0m:[36mrun[0m:[36m283[0m - [1mStarting FastAPI server.[0m
[32m2026-08-25 07:57:24.113[0m | [1mINFO    [0m | [36m__main__[0m:[36mrun_import[0m:[36m22[0m - [1mBegining book import.[0m
[32m2026-08-25 07:57:25.222[0m | [1mINFO    [0m | [36m__main__[0m:[36mrun_import[0m:[36m24[0m - [1mFinished book import.[0m
[32m2026-08-25 07:57:25.227[0m | [1mINFO    [0m | [36mbackend.lib.storage[0m:[36mmake_collections[0m:[36m163[0m - [1mMaking collections.[0m
[32m2026-08-25 07:57:30.793[0m | [1mINFO    [0m | [36mbackend.lib.storage[0m:[36mmake_collections[0m:[36m200[0m - [1mFinished making collections.[0m
[32m2026-08-25 07:57:35.634[0m | [1mINFO    [0m | [36mfrontend.lib.FastAPIServer[0m:[36mrun[0m:[36m283[0m - [1mStarting FastAPI server.[0m
[32m2026-08-25 08:39:56.838[0m | [1mINFO    [0m | [36m__main__[0m:[36mrun_import[0m:[36m22[0m - [1mBegining book import.[0m
[32m2026-08-25 08:44:17.511[0m | [1mINFO    [0m | [36m__main__[0m:[36mrun_import[0m:[36m24[0m - [1mFinished book import.[0m
[32m2026-08-25 08:44:17.519[0m | [1mINFO    [0m | [36mbackend.lib.storage[0m:[36mmake_collections[0m:[36m163[0m - [1mMaking collections.[0m
[32m2026-08-25 08:44:21.840[0m | [1mINFO    [0m | [36mbackend.lib.storage[0m:[36mmake_collections[0m:[36m200[0m - [1mFinished making collections.[0m
[32m2026-08-25 08:44:28.446[0m | [1mINFO    [0m | [36mfrontend.lib.FastAPIServer[0m:[36mrun[0m:[36m283[0m - [1mStarting FastAPI server.[0m
[32m2026-08-25 13:25:06.882[0m | [1mINFO    [0m | [36m__main__[0m:[36mrun_import[0m:[36m22[0m - [1mBegining book import.[0m
[32m2026-08-25 13:25:08.288[0m | [1mINFO    [0m | [36m__main__[0m:[36mrun_import[0m:[36m24[0m - [1mFinished book import.[0m
[32m2026-08-25 13:25:08.292[0m | [1mINFO    [0m | [36mbackend.lib.storage[0m:[36mmake_collections[0m:[36m163[0m - [1mMaking collections.[0m
[32m2026-08-25 13:25:12.626[0m | [1mINFO    [0m | [36mbackend.lib.storage[0m:[36mmake_collections[0m:[36m200[0m - [1mFinished making collections.[0m
[32m2026-08-25 13:25:17.666[0m | [1mINFO    [0m | [36mfrontend.lib.FastAPIServer[0m:[36mrun[0m:[36m283[0m - [1mStarting FastAPI server.[0m
[32m2026-08-25 13:41:52.293[0m | [1mINFO    [0m | [36m__main__[0m:[36mrun_import[0m:[36m22[0m - [1mBegining book import.[0m
[32m2026-08-25 13:41:53.701[0m | [1mINFO    [0m | [36m__main__[0m:[36mrun_import[0m:[36m24[0m - [1mFinished book import.[0m
[32m2026-08-25 13:41:53.706[0m | [1mINFO    [0m | [36mbackend.lib.storage[0m:[36mmake_collections[0m:[36m92[0m - [1mMaking collections.[0m
[32m2026-08-25 13:41:58.042[0m | [1mINFO    [0m | [36mbackend.lib.storage[0m:[36mmake_collections[0m:[36m127[0m - [1mFinished making collections.[0m
[32m2026-08-25 13:42:02.969[0m | [1mINFO    [0m | [36mfrontend.lib.FastAPIServer[0m:[36mrun[0m:[36m283[0m - [1mStarting FastAPI server.[0m
