[32m2026-08-12 19:24:39.164[0m | [1mINFO    [0m | [36m__main__[0m:[36mrun_import[0m:[36m22[0m - [1mBegining book import.[0m
[32m2026-08-12 19:24:41.407[0m | [31m[1mERROR   [0m | [36mbackend.lib.library[0m:[36mscan_folder[0m:[36m58[0m - [31m[1m[Errno 2] No such file or directory: '/mnt/books'[0m
[32m2026-08-12 19:24:41.412[0m | [1mINFO    [0m | [36mbackend.pyShelf_ScanLibrary[0m:[36mexecute_scan[0m:[36m30[0m - [1mScan Completed in 2 seconds[0m
[32m2026-08-12 19:24:41.415[0m | [1mINFO    [0m | [36m__main__[0m:[36mrun_import[0m:[36m24[0m - [1mFinished book import.[0m
[32m2026-08-12 19:24:41.419[0m | [1mINFO    [0m | [36mbackend.lib.storage[0m:[36mmake_collections[0m:[36m163[0m - [1mMaking collections.[0m
[32m2026-08-12 19:24:41.433[0m | [1mINFO    [0m | [36mbackend.lib.storage[0m:[36mmake_collections[0m:[36m200[0m - [1mFinished making collections.[0m
[32m2026-08-12 19:29:53.722[0m | [1mINFO    [0m | [36m__main__[0m:[36mrun_import[0m:[36m22[0m - [1mBegining book import.[0m
[32m2026-08-12 19:29:55.957[0m | [31m[1mERROR   [0m | [36mbackend.lib.library[0m:[36mscan_folder[0m:[36m58[0m - [31m[1m[Errno 2] No such file or directory: '/mnt/books'[0m
[32m2026-08-12 19:29:55.962[0m | [1mINFO    [0m | [36mbackend.pyShelf_ScanLibrary[0m:[36mexecute_scan[0m:[36m30[0m - [1mScan Completed in 2 seconds[0m
[32m2026-08-12 19:29:55.965[0m | [1mINFO    [0m | [36m__main__[0m:[36mrun_import[0m:[36m24[0m - [1mFinished book import.[0m
[32m2026-08-12 19:29:55.970[0m | [1mINFO    [0m | [36mbackend.lib.storage[0m:[36mmake_collections[0m:[36m163[0m - [1mMaking collections.[0m
[32m2026-08-12 19:29:55.984[0m | [1mINFO    [0m | [36mbackend.lib.storage[0m:[36mmake_collections[0m:[36m200[0m - [1mFinished making collections.[0m
[32m2026-08-12 19:32:01.078[0m | [1mINFO    [0m | [36m__main__[0m:[36mrun_import[0m:[36m22[0m - [1mBegining book import.[0m
[32m2026-08-12 19:32:03.568[0m | [1mINFO    [0m | [36mbackend.pyShelf_ScanLibrary[0m:[36mexecute_scan[0m:[36m30[0m - [1mScan Completed in 2 seconds[0m
[32m2026-08-12 19:32:03.570[0m | [1mINFO    [0m | [36m__main__[0m:[36mrun_import[0m:[36m24[0m - [1mFinished book import.[0m
[32m2026-08-12 19:32:03.574[0m | [1mINFO    [0m | [36mbackend.lib.storage[0m:[36mmake_collections[0m:[36m163[0m - [1mMaking collections.[0m
[32m2026-08-12 19:32:03.588[0m | [1mINFO    [0m | [36mbackend.lib.storage[0m:[36mmake_collections[0m:[36m200[0m - [1mFinished making collections.[0m
[32m2026-08-12 19:38:47.539[0m | [1mINFO    [0m | [36m__main__[0m:[36mrun_import[0m:[36m22[0m - [1mBegining book import.[0m
[32m2026-08-12 19:38:50.004[0m | [1mINFO    [0m | [36mbackend.pyShelf_ScanLibrary[0m:[36mexecute_scan[0m:[36m30[0m - [1mScan Completed in 2 seconds[0m
[32m2026-08-12 19:38:50.009[0m | [1mINFO    [0m | [36m__main__[0m:[36mrun_import[0m:[36m24[0m - [1mFinished book import.[0m
[32m2026-08-12 19:38:50.015[0m | [1mINFO    [0m | [36mbackend.lib.storage[0m:[36mmake_collections[0m:[36m163[0m - [1mMaking collections.[0m
[32m2026-08-12 19:38:50.034[0m | [1mINFO    [0m | [36mbackend.lib.storage[0m:[36mmake_collections[0m:[36m200[0m - [1mFinished making collections.[0m
[32m2026-08-12 19:38:54.427[0m | [1mINFO    [0m | [36mfrontend.lib.FastAPIServer[0m:[36mrun[0m:[36m279[0m - [1mStarting FastAPI server.[0m
[32m2026-08-12 19:46:33.339[0m | [1mINFO    [0m | [36m__main__[0m:[36mrun_import[0m:[36m22[0m - [1mBegining book import.[0m
[32m2026-08-12 19:46:35.790[0m | [1mINFO    [0m | [36mbackend.pyShelf_ScanLibrary[0m:[36mexecute_scan[0m:[36m30[0m - [1mScan Completed in 2 seconds[0m
[32m2026-08-12 19:46:35.796[0m | [1mINFO    [0m | [36m__main__[0m:[36mrun_import[0m:[36m24[0m - [1mFinished book import.[0m
[32m2026-08-12 19:46:35.802[0m | [1mINFO    [0m | [36mbackend.lib.storage[0m:[36mmake_collections[0m:[36m163[0m - [1mMaking collections.[0m
[32m2026-08-12 19:46:35.821[0m | [1mINFO    [0m | [36mbackend.lib.storage[0m:[36mmake_collections[0m:[36m200[0m - [1mFinished making collections.[0m
[32m2026-08-12 19:46:40.158[0m | [1mINFO    [0m | [36mfrontend.lib.FastAPIServer[0m:[36mrun[0m:[36m280[0m - [1mStarting FastAPI server.[0m
[32m2026-08-12 19:58:08.430[0m | [1mINFO    [0m | [36m__main__[0m:[36mrun_import[0m:[36m22[0m - [1mBegining book import.[0m
[32m2026-08-12 19:58:10.917[0m | [1mINFO    [0m | [36mbackend.pyShelf_ScanLibrary[0m:[36mexecute_scan[0m:[36m30[0m - [1mScan Completed in 2 seconds[0m
[32m2026-08-12 19:58:10.923[0m | [1mINFO    [0m | [36m__main__[0m:[36mrun_import[0m:[36m24[0m - [1mFinished book import.[0m
[32m2026-08-12 19:58:10.929[0m | [1mINFO    [0m | [36mbackend.lib.storage[0m:[36mmake_collections[0m:[36m163[0m - [1mMaking collections.[0m
[32m2026-08-12 19:58:10.949[0m | [1mINFO    [0m | [36mbackend.lib.storage[0m:[36mmake_collections[0m:[36m200[0m - [1mFinished making collections.[0m
[32m2026-08-12 19:58:15.193[0m | [1mINFO    [0m | [36mfrontend.lib.FastAPIServer[0m:[36mrun[0m:[36m280[0m - [1mStarting FastAPI server.[0m
[32m2026-08-12 20:07:51.315[0m | [1mINFO    [0m | [36m__main__[0m:[36mrun_import[0m:[36m22[0m - [1mBegining book import.[0m
[32m2026-08-12 20:07:53.781[0m | [1mINFO    [0m | [36mbackend.pyShelf_ScanLibrary[0m:[36mexecute_scan[0m:[36m30[0m - [1mScan Completed in 2 seconds[0m
[32m2026-08-12 20:07:53.786[0m | [1mINFO    [0m | [36m__main__[0m:[36mrun_import[0m:[36m24[0m - [1mFinished book import.[0m
[32m2026-08-12 20:07:53.793[0m | [1mINFO    [0m | [36mbackend.lib.storage[0m:[36mmake_collections[0m:[36m163[0m - [1mMaking collections.[0m
[32m2026-08-12 20:07:53.814[0m | [1mINFO    [0m | [36mbackend.lib.storage[0m:[36mmake_collections[0m:[36m200[0m - [1mFinished making collections.[0m
[32m2026-08-12 20:07:58.136[0m | [1mINFO    [0m | [36mfrontend.lib.FastAPIServer[0m:[36mrun[0m:[36m286[0m - [1mStarting FastAPI server.[0m
[32m2026-08-12 20:18:01.452[0m | [1mINFO    [0m | [36m__main__[0m:[36mexecute_scan[0m:[36m30[0m - [1mScan Completed in 3 seconds[0m
[32m2026-08-12 20:18:42.110[0m | [1mINFO    [0m | [36m__main__[0m:[36mrun_import[0m:[36m22[0m - [1mBegining book import.[0m
[32m2026-08-12 20:18:44.569[0m | [1mINFO    [0m | [36mbackend.pyShelf_ScanLibrary[0m:[36mexecute_scan[0m:[36m30[0m - [1mScan Completed in 2 seconds[0m
[32m2026-08-12 20:18:44.575[0m | [1mINFO    [0m | [36m__main__[0m:[36mrun_import[0m:[36m24[0m - [1mFinished book import.[0m
[32m2026-08-12 20:18:44.582[0m | [1mINFO    [0m | [36mbackend.lib.storage[0m:[36mmake_collections[0m:[36m163[0m - [1mMaking collections.[0m
[32m2026-08-12 20:18:44.600[0m | [1mINFO    [0m | [36mbackend.lib.storage[0m:[36mmake_collections[0m:[36m200[0m - [1mFinished making collections.[0m
[32m2026-08-12 20:18:48.989[0m | [1mINFO    [0m | [36mfrontend.lib.FastAPIServer[0m:[36mrun[0m:[36m286[0m - [1mStarting FastAPI server.[0m
[32m2026-08-12 20:23:26.471[0m | [31m[1mERROR   [0m | [36mbackend.lib.library[0m:[36mscan_folder[0m:[36m58[0m - [31m[1m[Errno 2] No such file or directory: '/usr/local/bibliotecaa'[0m
[32m2026-08-12 20:23:26.477[0m | [1mINFO    [0m | [36m__main__[0m:[36mexecute_scan[0m:[36m30[0m - [1mScan Completed in 2 seconds[0m
[32m2026-08-12 20:23:57.052[0m | [1mINFO    [0m | [36m__main__[0m:[36mexecute_scan[0m:[36m30[0m - [1mScan Completed in 3 seconds[0m
[32m2026-08-12 20:24:24.905[0m | [1mINFO    [0m | [36m__main__[0m:[36mexecute_scan[0m:[36m30[0m - [1mScan Completed in 3 seconds[0m
[32m2026-08-12 20:24:38.716[0m | [1mINFO    [0m | [36m__main__[0m:[36mrun_import[0m:[36m22[0m - [1mBegining book import.[0m
[32m2026-08-12 20:24:41.208[0m | [1mINFO    [0m | [36mbackend.pyShelf_ScanLibrary[0m:[36mexecute_scan[0m:[36m30[0m - [1mScan Completed in 2 seconds[0m
[32m2026-08-12 20:24:41.213[0m | [1mINFO    [0m | [36m__main__[0m:[36mrun_import[0m:[36m24[0m - [1mFinished book import.[0m
[32m2026-08-12 20:24:41.220[0m | [1mINFO    [0m | [36mbackend.lib.storage[0m:[36mmake_collections[0m:[36m163[0m - [1mMaking collections.[0m
[32m2026-08-12 20:24:41.241[0m | [1mINFO    [0m | [36mbackend.lib.storage[0m:[36mmake_collections[0m:[36m200[0m - [1mFinished making collections.[0m
[32m2026-08-12 20:24:45.551[0m | [1mINFO    [0m | [36mfrontend.lib.FastAPIServer[0m:[36mrun[0m:[36m286[0m - [1mStarting FastAPI server.[0m
[32m2026-08-13 06:32:31.858[0m | [1mINFO    [0m | [36m__main__[0m:[36mexecute_scan[0m:[36m30[0m - [1mScan Completed in 34814 seconds[0m
[32m2026-08-13 15:14:27.418[0m | [1mINFO    [0m | [36m__main__[0m:[36mexecute_scan[0m:[36m30[0m - [1mScan Completed in 3 seconds[0m
[32m2026-08-13 15:16:25.379[0m | [1mINFO    [0m | [36m__main__[0m:[36mrun_import[0m:[36m22[0m - [1mBegining book import.[0m
[32m2026-08-13 15:16:27.612[0m | [1mINFO    [0m | [36mbackend.pyShelf_ScanLibrary[0m:[36mexecute_scan[0m:[36m30[0m - [1mScan Completed in 2 seconds[0m
[32m2026-08-13 15:16:27.614[0m | [1mINFO    [0m | [36m__main__[0m:[36mrun_import[0m:[36m24[0m - [1mFinished book import.[0m
[32m2026-08-13 15:16:27.619[0m | [1mINFO    [0m | [36mbackend.lib.storage[0m:[36mmake_collections[0m:[36m163[0m - [1mMaking collections.[0m
[32m2026-08-13 15:16:33.450[0m | [1mINFO    [0m | [36mbackend.lib.storage[0m:[36mmake_collections[0m:[36m200[0m - [1mFinished making collections.[0m
[32m2026-08-13 15:16:46.765[0m | [1mINFO    [0m | [36mfrontend.lib.FastAPIServer[0m:[36mrun[0m:[36m286[0m - [1mStarting FastAPI server.[0m
[32m2026-08-14 06:55:30.642[0m | [1mINFO    [0m | [36m__main__[0m:[36mrun_import[0m:[36m22[0m - [1mBegining book import.[0m
[32m2026-08-14 06:55:33.281[0m | [1mINFO    [0m | [36mbackend.pyShelf_ScanLibrary[0m:[36mexecute_scan[0m:[36m30[0m - [1mScan Completed in 3 seconds[0m
[32m2026-08-14 06:55:33.288[0m | [1mINFO    [0m | [36m__main__[0m:[36mrun_import[0m:[36m24[0m - [1mFinished book import.[0m
[32m2026-08-14 06:55:33.296[0m | [1mINFO    [0m | [36mbackend.lib.storage[0m:[36mmake_collections[0m:[36m163[0m - [1mMaking collections.[0m
[32m2026-08-14 06:55:41.909[0m | [1mINFO    [0m | [36mbackend.lib.storage[0m:[36mmake_collections[0m:[36m200[0m - [1mFinished making collections.[0m
[32m2026-08-14 06:55:55.342[0m | [1mINFO    [0m | [36mfrontend.lib.FastAPIServer[0m:[36mrun[0m:[36m286[0m - [1mStarting FastAPI server.[0m
[32m2026-08-14 09:55:51.204[0m | [1mINFO    [0m | [36m__main__[0m:[36mrun_import[0m:[36m22[0m - [1mBegining book import.[0m
[32m2026-08-14 09:55:53.496[0m | [1mINFO    [0m | [36mbackend.pyShelf_ScanLibrary[0m:[36mexecute_scan[0m:[36m30[0m - [1mScan Completed in 2 seconds[0m
[32m2026-08-14 09:55:53.504[0m | [1mINFO    [0m | [36m__main__[0m:[36mrun_import[0m:[36m24[0m - [1mFinished book import.[0m
[32m2026-08-14 09:55:53.510[0m | [1mINFO    [0m | [36mbackend.lib.storage[0m:[36mmake_collections[0m:[36m163[0m - [1mMaking collections.[0m
[32m2026-08-14 09:55:58.830[0m | [1mINFO    [0m | [36mbackend.lib.storage[0m:[36mmake_collections[0m:[36m200[0m - [1mFinished making collections.[0m
[32m2026-08-14 09:56:03.318[0m | [1mINFO    [0m | [36mfrontend.lib.FastAPIServer[0m:[36mrun[0m:[36m286[0m - [1mStarting FastAPI server.[0m
[32m2026-08-16 11:32:31.748[0m | [1mINFO    [0m | [36m__main__[0m:[36mrun_import[0m:[36m22[0m - [1mBegining book import.[0m
[32m2026-08-16 11:32:35.341[0m | [1mINFO    [0m | [36mbackend.pyShelf_ScanLibrary[0m:[36mexecute_scan[0m:[36m30[0m - [1mScan Completed in 4 seconds[0m
[32m2026-08-16 11:32:35.344[0m | [1mINFO    [0m | [36m__main__[0m:[36mrun_import[0m:[36m24[0m - [1mFinished book import.[0m
[32m2026-08-16 11:32:35.348[0m | [1mINFO    [0m | [36mbackend.lib.storage[0m:[36mmake_collections[0m:[36m163[0m - [1mMaking collections.[0m
[32m2026-08-16 11:32:39.612[0m | [1mINFO    [0m | [36mbackend.lib.storage[0m:[36mmake_collections[0m:[36m200[0m - [1mFinished making collections.[0m
[32m2026-08-16 11:32:53.499[0m | [1mINFO    [0m | [36mfrontend.lib.FastAPIServer[0m:[36mrun[0m:[36m286[0m - [1mStarting FastAPI server.[0m
[32m2026-08-16 12:18:38.545[0m | [1mINFO    [0m | [36m__main__[0m:[36mrun_import[0m:[36m22[0m - [1mBegining book import.[0m
[32m2026-08-16 12:18:40.803[0m | [1mINFO    [0m | [36mbackend.pyShelf_ScanLibrary[0m:[36mexecute_scan[0m:[36m30[0m - [1mScan Completed in 2 seconds[0m
[32m2026-08-16 12:18:40.806[0m | [1mINFO    [0m | [36m__main__[0m:[36mrun_import[0m:[36m24[0m - [1mFinished book import.[0m
[32m2026-08-16 12:18:40.810[0m | [1mINFO    [0m | [36mbackend.lib.storage[0m:[36mmake_collections[0m:[36m163[0m - [1mMaking collections.[0m
[32m2026-08-16 12:18:44.815[0m | [1mINFO    [0m | [36mbackend.lib.storage[0m:[36mmake_collections[0m:[36m200[0m - [1mFinished making collections.[0m
[32m2026-08-16 12:21:58.145[0m | [1mINFO    [0m | [36m__main__[0m:[36mrun_import[0m:[36m22[0m - [1mBegining book import.[0m
[32m2026-08-16 12:22:00.492[0m | [1mINFO    [0m | [36mbackend.pyShelf_ScanLibrary[0m:[36mexecute_scan[0m:[36m30[0m - [1mScan Completed in 2 seconds[0m
[32m2026-08-16 12:22:00.495[0m | [1mINFO    [0m | [36m__main__[0m:[36mrun_import[0m:[36m24[0m - [1mFinished book import.[0m
[32m2026-08-16 12:22:00.499[0m | [1mINFO    [0m | [36mbackend.lib.storage[0m:[36mmake_collections[0m:[36m163[0m - [1mMaking collections.[0m
[32m2026-08-16 12:22:04.450[0m | [1mINFO    [0m | [36mbackend.lib.storage[0m:[36mmake_collections[0m:[36m200[0m - [1mFinished making collections.[0m
[32m2026-08-16 12:34:30.865[0m | [1mINFO    [0m | [36m__main__[0m:[36mrun_import[0m:[36m22[0m - [1mBegining book import.[0m
[32m2026-08-16 12:34:33.114[0m | [1mINFO    [0m | [36mbackend.pyShelf_ScanLibrary[0m:[36mexecute_scan[0m:[36m30[0m - [1mScan Completed in 2 seconds[0m
[32m2026-08-16 12:34:33.117[0m | [1mINFO    [0m | [36m__main__[0m:[36mrun_import[0m:[36m24[0m - [1mFinished book import.[0m
[32m2026-08-16 12:34:33.121[0m | [1mINFO    [0m | [36mbackend.lib.storage[0m:[36mmake_collections[0m:[36m163[0m - [1mMaking collections.[0m
[32m2026-08-16 12:34:37.041[0m | [1mINFO    [0m | [36mbackend.lib.storage[0m:[36mmake_collections[0m:[36m200[0m - [1mFinished making collections.[0m
[32m2026-08-16 12:37:02.615[0m | [1mINFO    [0m | [36m__main__[0m:[36mrun_import[0m:[36m22[0m - [1mBegining book import.[0m
[32m2026-08-16 12:37:04.993[0m | [1mINFO    [0m | [36mbackend.pyShelf_ScanLibrary[0m:[36mexecute_scan[0m:[36m30[0m - [1mScan Completed in 2 seconds[0m
[32m2026-08-16 12:37:04.998[0m | [1mINFO    [0m | [36m__main__[0m:[36mrun_import[0m:[36m24[0m - [1mFinished book import.[0m
[32m2026-08-16 12:37:05.003[0m | [1mINFO    [0m | [36mbackend.lib.storage[0m:[36mmake_collections[0m:[36m163[0m - [1mMaking collections.[0m
[32m2026-08-16 12:37:10.748[0m | [1mINFO    [0m | [36mbackend.lib.storage[0m:[36mmake_collections[0m:[36m200[0m - [1mFinished making collections.[0m
[32m2026-08-16 12:37:11.643[0m | [1mINFO    [0m | [36mfrontend.lib.FastAPIServer[0m:[36mrun[0m:[36m286[0m - [1mStarting FastAPI server.[0m
[32m2026-08-16 12:41:28.749[0m | [1mINFO    [0m | [36m__main__[0m:[36mrun_import[0m:[36m22[0m - [1mBegining book import.[0m
[32m2026-08-16 12:41:31.118[0m | [1mINFO    [0m | [36mbackend.pyShelf_ScanLibrary[0m:[36mexecute_scan[0m:[36m30[0m - [1mScan Completed in 2 seconds[0m
[32m2026-08-16 12:41:31.123[0m | [1mINFO    [0m | [36m__main__[0m:[36mrun_import[0m:[36m24[0m - [1mFinished book import.[0m
[32m2026-08-16 12:41:31.130[0m | [1mINFO    [0m | [36mbackend.lib.storage[0m:[36mmake_collections[0m:[36m163[0m - [1mMaking collections.[0m
[32m2026-08-16 12:41:37.164[0m | [1mINFO    [0m | [36mbackend.lib.storage[0m:[36mmake_collections[0m:[36m200[0m - [1mFinished making collections.[0m
[32m2026-08-16 12:41:38.841[0m | [1mINFO    [0m | [36mfrontend.lib.FastAPIServer[0m:[36mrun[0m:[36m286[0m - [1mStarting FastAPI server.[0m
[32m2026-08-16 14:46:53.125[0m | [1mINFO    [0m | [36m__main__[0m:[36mrun_import[0m:[36m22[0m - [1mBegining book import.[0m
[32m2026-08-16 14:46:55.412[0m | [1mINFO    [0m | [36mbackend.pyShelf_ScanLibrary[0m:[36mexecute_scan[0m:[36m30[0m - [1mScan Completed in 2 seconds[0m
[32m2026-08-16 14:46:55.416[0m | [1mINFO    [0m | [36m__main__[0m:[36mrun_import[0m:[36m24[0m - [1mFinished book import.[0m
[32m2026-08-16 14:46:55.423[0m | [1mINFO    [0m | [36mbackend.lib.storage[0m:[36mmake_collections[0m:[36m163[0m - [1mMaking collections.[0m
[32m2026-08-16 14:46:59.898[0m | [1mINFO    [0m | [36mbackend.lib.storage[0m:[36mmake_collections[0m:[36m200[0m - [1mFinished making collections.[0m
[32m2026-08-16 14:47:10.783[0m | [1mINFO    [0m | [36mfrontend.lib.FastAPIServer[0m:[36mrun[0m:[36m278[0m - [1mStarting FastAPI server.[0m
[32m2026-08-16 14:59:45.471[0m | [1mINFO    [0m | [36m__main__[0m:[36mrun_import[0m:[36m22[0m - [1mBegining book import.[0m
[32m2026-08-16 14:59:47.823[0m | [1mINFO    [0m | [36mbackend.pyShelf_ScanLibrary[0m:[36mexecute_scan[0m:[36m30[0m - [1mScan Completed in 2 seconds[0m
[32m2026-08-16 14:59:47.828[0m | [1mINFO    [0m | [36m__main__[0m:[36mrun_import[0m:[36m24[0m - [1mFinished book import.[0m
[32m2026-08-16 14:59:47.834[0m | [1mINFO    [0m | [36mbackend.lib.storage[0m:[36mmake_collections[0m:[36m163[0m - [1mMaking collections.[0m
[32m2026-08-16 14:59:53.625[0m | [1mINFO    [0m | [36mbackend.lib.storage[0m:[36mmake_collections[0m:[36m200[0m - [1mFinished making collections.[0m
[32m2026-08-16 14:59:55.577[0m | [1mINFO    [0m | [36mfrontend.lib.FastAPIServer[0m:[36mrun[0m:[36m278[0m - [1mStarting FastAPI server.[0m
[32m2026-08-16 15:15:09.810[0m | [1mINFO    [0m | [36m__main__[0m:[36mrun_import[0m:[36m22[0m - [1mBegining book import.[0m
[32m2026-08-16 15:15:12.175[0m | [1mINFO    [0m | [36mbackend.pyShelf_ScanLibrary[0m:[36mexecute_scan[0m:[36m30[0m - [1mScan Completed in 2 seconds[0m
[32m2026-08-16 15:15:12.179[0m | [1mINFO    [0m | [36m__main__[0m:[36mrun_import[0m:[36m24[0m - [1mFinished book import.[0m
[32m2026-08-16 15:15:12.185[0m | [1mINFO    [0m | [36mbackend.lib.storage[0m:[36mmake_collections[0m:[36m163[0m - [1mMaking collections.[0m
[32m2026-08-16 15:15:18.081[0m | [1mINFO    [0m | [36mbackend.lib.storage[0m:[36mmake_collections[0m:[36m200[0m - [1mFinished making collections.[0m
[32m2026-08-16 15:15:19.929[0m | [1mINFO    [0m | [36mfrontend.lib.FastAPIServer[0m:[36mrun[0m:[36m264[0m - [1mStarting FastAPI server.[0m
[32m2026-08-16 15:20:57.891[0m | [1mINFO    [0m | [36m__main__[0m:[36mrun_import[0m:[36m22[0m - [1mBegining book import.[0m
[32m2026-08-16 15:21:00.262[0m | [1mINFO    [0m | [36mbackend.pyShelf_ScanLibrary[0m:[36mexecute_scan[0m:[36m30[0m - [1mScan Completed in 2 seconds[0m
[32m2026-08-16 15:21:00.267[0m | [1mINFO    [0m | [36m__main__[0m:[36mrun_import[0m:[36m24[0m - [1mFinished book import.[0m
[32m2026-08-16 15:21:00.273[0m | [1mINFO    [0m | [36mbackend.lib.storage[0m:[36mmake_collections[0m:[36m163[0m - [1mMaking collections.[0m
[32m2026-08-16 15:21:08.482[0m | [1mINFO    [0m | [36mbackend.lib.storage[0m:[36mmake_collections[0m:[36m200[0m - [1mFinished making collections.[0m
[32m2026-08-16 15:21:08.564[0m | [1mINFO    [0m | [36mfrontend.lib.FastAPIServer[0m:[36mrun[0m:[36m264[0m - [1mStarting FastAPI server.[0m
[32m2026-08-16 15:24:16.997[0m | [1mINFO    [0m | [36m__main__[0m:[36mrun_import[0m:[36m22[0m - [1mBegining book import.[0m
[32m2026-08-16 15:24:19.323[0m | [1mINFO    [0m | [36mbackend.pyShelf_ScanLibrary[0m:[36mexecute_scan[0m:[36m30[0m - [1mScan Completed in 2 seconds[0m
[32m2026-08-16 15:24:19.329[0m | [1mINFO    [0m | [36m__main__[0m:[36mrun_import[0m:[36m24[0m - [1mFinished book import.[0m
[32m2026-08-16 15:24:19.335[0m | [1mINFO    [0m | [36mbackend.lib.storage[0m:[36mmake_collections[0m:[36m163[0m - [1mMaking collections.[0m
[32m2026-08-16 15:24:25.249[0m | [1mINFO    [0m | [36mbackend.lib.storage[0m:[36mmake_collections[0m:[36m200[0m - [1mFinished making collections.[0m
[32m2026-08-16 15:24:26.951[0m | [1mINFO    [0m | [36mfrontend.lib.FastAPIServer[0m:[36mrun[0m:[36m264[0m - [1mStarting FastAPI server.[0m
[32m2026-08-16 15:27:56.112[0m | [1mINFO    [0m | [36m__main__[0m:[36mrun_import[0m:[36m22[0m - [1mBegining book import.[0m
[32m2026-08-16 15:27:58.445[0m | [1mINFO    [0m | [36mbackend.pyShelf_ScanLibrary[0m:[36mexecute_scan[0m:[36m30[0m - [1mScan Completed in 2 seconds[0m
[32m2026-08-16 15:27:58.450[0m | [1mINFO    [0m | [36m__main__[0m:[36mrun_import[0m:[36m24[0m - [1mFinished book import.[0m
[32m2026-08-16 15:27:58.455[0m | [1mINFO    [0m | [36mbackend.lib.storage[0m:[36mmake_collections[0m:[36m163[0m - [1mMaking collections.[0m
[32m2026-08-16 15:28:04.284[0m | [1mINFO    [0m | [36mbackend.lib.storage[0m:[36mmake_collections[0m:[36m200[0m - [1mFinished making collections.[0m
[32m2026-08-16 15:28:06.012[0m | [1mINFO    [0m | [36mfrontend.lib.FastAPIServer[0m:[36mrun[0m:[36m264[0m - [1mStarting FastAPI server.[0m
[32m2026-08-16 15:32:06.062[0m | [1mINFO    [0m | [36m__main__[0m:[36mrun_import[0m:[36m22[0m - [1mBegining book import.[0m
[32m2026-08-16 15:32:08.385[0m | [1mINFO    [0m | [36mbackend.pyShelf_ScanLibrary[0m:[36mexecute_scan[0m:[36m30[0m - [1mScan Completed in 2 seconds[0m
[32m2026-08-16 15:32:08.390[0m | [1mINFO    [0m | [36m__main__[0m:[36mrun_import[0m:[36m24[0m - [1mFinished book import.[0m
[32m2026-08-16 15:32:08.396[0m | [1mINFO    [0m | [36mbackend.lib.storage[0m:[36mmake_collections[0m:[36m163[0m - [1mMaking collections.[0m
[32m2026-08-16 15:32:14.231[0m | [1mINFO    [0m | [36mbackend.lib.storage[0m:[36mmake_collections[0m:[36m200[0m - [1mFinished making collections.[0m
[32m2026-08-16 15:32:15.936[0m | [1mINFO    [0m | [36mfrontend.lib.FastAPIServer[0m:[36mrun[0m:[36m264[0m - [1mStarting FastAPI server.[0m
[32m2026-08-16 15:36:04.744[0m | [1mINFO    [0m | [36m__main__[0m:[36mrun_import[0m:[36m22[0m - [1mBegining book import.[0m
[32m2026-08-16 15:36:07.066[0m | [1mINFO    [0m | [36mbackend.pyShelf_ScanLibrary[0m:[36mexecute_scan[0m:[36m30[0m - [1mScan Completed in 2 seconds[0m
[32m2026-08-16 15:36:07.072[0m | [1mINFO    [0m | [36m__main__[0m:[36mrun_import[0m:[36m24[0m - [1mFinished book import.[0m
[32m2026-08-16 15:36:07.078[0m | [1mINFO    [0m | [36mbackend.lib.storage[0m:[36mmake_collections[0m:[36m163[0m - [1mMaking collections.[0m
[32m2026-08-16 15:36:12.872[0m | [1mINFO    [0m | [36mbackend.lib.storage[0m:[36mmake_collections[0m:[36m200[0m - [1mFinished making collections.[0m
[32m2026-08-16 15:36:14.677[0m | [1mINFO    [0m | [36mfrontend.lib.FastAPIServer[0m:[36mrun[0m:[36m264[0m - [1mStarting FastAPI server.[0m
[32m2026-08-16 19:02:07.645[0m | [1mINFO    [0m | [36m__main__[0m:[36mrun_import[0m:[36m22[0m - [1mBegining book import.[0m
[32m2026-08-16 19:02:09.994[0m | [1mINFO    [0m | [36mbackend.pyShelf_ScanLibrary[0m:[36mexecute_scan[0m:[36m30[0m - [1mScan Completed in 2 seconds[0m
[32m2026-08-16 19:02:09.996[0m | [1mINFO    [0m | [36m__main__[0m:[36mrun_import[0m:[36m24[0m - [1mFinished book import.[0m
[32m2026-08-16 19:02:10.001[0m | [1mINFO    [0m | [36mbackend.lib.storage[0m:[36mmake_collections[0m:[36m163[0m - [1mMaking collections.[0m
[32m2026-08-16 19:02:14.396[0m | [1mINFO    [0m | [36mbackend.lib.storage[0m:[36mmake_collections[0m:[36m200[0m - [1mFinished making collections.[0m
[32m2026-08-16 19:02:25.684[0m | [1mINFO    [0m | [36mfrontend.lib.FastAPIServer[0m:[36mrun[0m:[36m264[0m - [1mStarting FastAPI server.[0m
[32m2026-08-16 20:32:13.699[0m | [1mINFO    [0m | [36m__main__[0m:[36mrun_import[0m:[36m22[0m - [1mBegining book import.[0m
[32m2026-08-16 20:32:16.038[0m | [1mINFO    [0m | [36mbackend.pyShelf_ScanLibrary[0m:[36mexecute_scan[0m:[36m30[0m - [1mScan Completed in 2 seconds[0m
[32m2026-08-16 20:32:16.043[0m | [1mINFO    [0m | [36m__main__[0m:[36mrun_import[0m:[36m24[0m - [1mFinished book import.[0m
[32m2026-08-16 20:32:16.049[0m | [1mINFO    [0m | [36mbackend.lib.storage[0m:[36mmake_collections[0m:[36m163[0m - [1mMaking collections.[0m
[32m2026-08-16 20:32:22.072[0m | [1mINFO    [0m | [36mbackend.lib.storage[0m:[36mmake_collections[0m:[36m200[0m - [1mFinished making collections.[0m
[32m2026-08-16 20:32:23.549[0m | [1mINFO    [0m | [36mfrontend.lib.FastAPIServer[0m:[36mrun[0m:[36m264[0m - [1mStarting FastAPI server.[0m
[32m2026-08-19 15:27:20.279[0m | [1mINFO    [0m | [36m__main__[0m:[36mrun_import[0m:[36m22[0m - [1mBegining book import.[0m
[32m2026-08-19 15:27:23.083[0m | [1mINFO    [0m | [36mbackend.pyShelf_ScanLibrary[0m:[36mexecute_scan[0m:[36m30[0m - [1mScan Completed in 3 seconds[0m
[32m2026-08-19 15:27:23.086[0m | [1mINFO    [0m | [36m__main__[0m:[36mrun_import[0m:[36m24[0m - [1mFinished book import.[0m
[32m2026-08-19 15:27:23.091[0m | [1mINFO    [0m | [36mbackend.lib.storage[0m:[36mmake_collections[0m:[36m163[0m - [1mMaking collections.[0m
[32m2026-08-19 15:27:27.291[0m | [1mINFO    [0m | [36mbackend.lib.storage[0m:[36mmake_collections[0m:[36m200[0m - [1mFinished making collections.[0m
[32m2026-08-19 15:27:41.393[0m | [1mINFO    [0m | [36mfrontend.lib.FastAPIServer[0m:[36mrun[0m:[36m264[0m - [1mStarting FastAPI server.[0m
[32m2026-08-20 08:41:58.200[0m | [1mINFO    [0m | [36m__main__[0m:[36mrun_import[0m:[36m22[0m - [1mBegining book import.[0m
[32m2026-08-20 08:42:01.387[0m | [1mINFO    [0m | [36mbackend.pyShelf_ScanLibrary[0m:[36mexecute_scan[0m:[36m30[0m - [1mScan Completed in 3 seconds[0m
[32m2026-08-20 08:42:01.390[0m | [1mINFO    [0m | [36m__main__[0m:[36mrun_import[0m:[36m24[0m - [1mFinished book import.[0m
[32m2026-08-20 08:42:01.397[0m | [1mINFO    [0m | [36mbackend.lib.storage[0m:[36mmake_collections[0m:[36m163[0m - [1mMaking collections.[0m
[32m2026-08-20 08:42:05.655[0m | [1mINFO    [0m | [36mbackend.lib.storage[0m:[36mmake_collections[0m:[36m200[0m - [1mFinished making collections.[0m
[32m2026-08-20 08:42:19.451[0m | [1mINFO    [0m | [36mfrontend.lib.FastAPIServer[0m:[36mrun[0m:[36m264[0m - [1mStarting FastAPI server.[0m
[32m2026-08-20 08:49:12.598[0m | [1mINFO    [0m | [36m__main__[0m:[36mrun_import[0m:[36m22[0m - [1mBegining book import.[0m
[32m2026-08-20 08:49:14.971[0m | [1mINFO    [0m | [36mbackend.pyShelf_ScanLibrary[0m:[36mexecute_scan[0m:[36m30[0m - [1mScan Completed in 2 seconds[0m
[32m2026-08-20 08:49:14.976[0m | [1mINFO    [0m | [36m__main__[0m:[36mrun_import[0m:[36m24[0m - [1mFinished book import.[0m
[32m2026-08-20 08:49:14.982[0m | [1mINFO    [0m | [36mbackend.lib.storage[0m:[36mmake_collections[0m:[36m163[0m - [1mMaking collections.[0m
[32m2026-08-20 08:49:20.741[0m | [1mINFO    [0m | [36mbackend.lib.storage[0m:[36mmake_collections[0m:[36m200[0m - [1mFinished making collections.[0m
[32m2026-08-20 08:49:22.409[0m | [1mINFO    [0m | [36mfrontend.lib.FastAPIServer[0m:[36mrun[0m:[36m264[0m - [1mStarting FastAPI server.[0m
[32m2026-08-20 08:56:52.024[0m | [1mINFO    [0m | [36m__main__[0m:[36mrun_import[0m:[36m22[0m - [1mBegining book import.[0m
[32m2026-08-20 08:56:54.386[0m | [1mINFO    [0m | [36mbackend.pyShelf_ScanLibrary[0m:[36mexecute_scan[0m:[36m30[0m - [1mScan Completed in 2 seconds[0m
[32m2026-08-20 08:56:54.391[0m | [1mINFO    [0m | [36m__main__[0m:[36mrun_import[0m:[36m24[0m - [1mFinished book import.[0m
[32m2026-08-20 08:56:54.396[0m | [1mINFO    [0m | [36mbackend.lib.storage[0m:[36mmake_collections[0m:[36m163[0m - [1mMaking collections.[0m
[32m2026-08-20 08:57:00.192[0m | [1mINFO    [0m | [36mbackend.lib.storage[0m:[36mmake_collections[0m:[36m200[0m - [1mFinished making collections.[0m
[32m2026-08-20 08:57:01.876[0m | [1mINFO    [0m | [36mfrontend.lib.FastAPIServer[0m:[36mrun[0m:[36m264[0m - [1mStarting FastAPI server.[0m
[32m2026-08-20 14:21:11.411[0m | [1mINFO    [0m | [36m__main__[0m:[36mrun_import[0m:[36m22[0m - [1mBegining book import.[0m
[32m2026-08-20 14:21:14.154[0m | [1mINFO    [0m | [36mbackend.pyShelf_ScanLibrary[0m:[36mexecute_scan[0m:[36m30[0m - [1mScan Completed in 3 seconds[0m
[32m2026-08-20 14:21:14.157[0m | [1mINFO    [0m | [36m__main__[0m:[36mrun_import[0m:[36m24[0m - [1mFinished book import.[0m
[32m2026-08-20 14:21:14.162[0m | [1mINFO    [0m | [36mbackend.lib.storage[0m:[36mmake_collections[0m:[36m163[0m - [1mMaking collections.[0m
[32m2026-08-20 14:21:18.628[0m | [1mINFO    [0m | [36mbackend.lib.storage[0m:[36mmake_collections[0m:[36m200[0m - [1mFinished making collections.[0m
[32m2026-08-20 14:21:29.295[0m | [1mINFO    [0m | [36mfrontend.lib.FastAPIServer[0m:[36mrun[0m:[36m264[0m - [1mStarting FastAPI server.[0m
[32m2026-08-24 19:08:32.653[0m | [1mINFO    [0m | [36m__main__[0m:[36mexecute_scan[0m:[36m30[0m - [1mScan Completed in 4 seconds[0m
